<html>
<body>
<pre>
<h1>µVision Build Log</h1>
<h2>Project:</h2>
D:\MyWork\baixing\modify\MODULE 4G\USER\module 4g.uvprojx
Project File Date:  06/19/2018

<h2>Output:</h2>
Build target 'FreeRTOS'
linking...
Program Size: Code=12248 RO-data=268 RW-data=176 ZI-data=18040  
FromELF: creating hex file...
"..\OBJ\module 4g.axf" - 0 Error(s), 0 Warning(s).
c.c...
compiling stm32f10x_adc.c...
compiling stm32f10x_can.c...
compiling stm32f10x_cec.c...
compiling stm32f10x_crc.c...
compiling stm32f10x_dac.c...
compiling stm32f10x_flash.c...
compiling stm32f10x_dbgmcu.c...
compiling stm32f10x_bkp.c...
compiling stm32f10x_exti.c...
compiling stm32f10x_dma.c...
compiling stm32f10x_fsmc.c...
compiling stm32f10x_gpio.c...
compiling stm32f10x_i2c.c...
compiling stm32f10x_iwdg.c...
compiling stm32f10x_pwr.c...
compiling stm32f10x_rcc.c...
compiling stm32f10x_rtc.c...
compiling stm32f10x_sdio.c...
compiling stm32f10x_spi.c...
compiling stm32f10x_tim.c...
compiling stm32f10x_usart.c...
compiling stm32f10x_wwdg.c...
compiling led.c...
compiling delay.c...
compiling sys.c...
compiling usart.c...
compiling croutine.c...
compiling event_groups.c...
compiling list.c...
compiling queue.c...
compiling tasks.c...
compiling timers.c...
compiling heap_4.c...
compiling port.c...
linking...
Program Size: Code=12248 RO-data=268 RW-data=176 ZI-data=18040  
FromELF: creating hex file...
"..\OBJ\FreeRtos.axf" - 0 Error(s), 0 Warning(s).
