Component: ARM Compiler 5.06 update 6 (build 750) Tool: armlink [4d35ed]

==============================================================================

Section Cross References

    main.o(i.ec20_task) refers to ec20.o(i.ec20_recv_task) for ec20_recv_task
    main.o(i.idle_task) refers to _printf_percent.o(.ARM.Collect$$_printf_percent$$00000000) for _printf_percent
    main.o(i.idle_task) refers to _printf_u.o(.ARM.Collect$$_printf_percent$$0000000A) for _printf_u
    main.o(i.idle_task) refers to _printf_dec.o(.text) for _printf_int_dec
    main.o(i.idle_task) refers to _printf_s.o(.ARM.Collect$$_printf_percent$$00000014) for _printf_s
    main.o(i.idle_task) refers to _printf_str.o(.text) for _printf_str
    main.o(i.idle_task) refers to heap_4.o(i.pvPortMalloc) for pvPortMalloc
    main.o(i.idle_task) refers to noretval__2printf.o(.text) for __2printf
    main.o(i.idle_task) refers to heap_4.o(i.xPortGetFreeHeapSize) for xPortGetFreeHeapSize
    main.o(i.idle_task) refers to noretval__2sprintf.o(.text) for __2sprintf
    main.o(i.idle_task) refers to heap_4.o(i.xPortGetMinimumEverFreeHeapSize) for xPortGetMinimumEverFreeHeapSize
    main.o(i.idle_task) refers to tasks.o(i.vTaskList) for vTaskList
    main.o(i.idle_task) refers to tasks.o(i.vTaskDelay) for vTaskDelay
    main.o(i.main) refers to protect.o(i.Flash_EnableReadProtection) for Flash_EnableReadProtection
    main.o(i.main) refers to misc.o(i.NVIC_PriorityGroupConfig) for NVIC_PriorityGroupConfig
    main.o(i.main) refers to tasks.o(i.xTaskCreate) for xTaskCreate
    main.o(i.main) refers to tasks.o(i.vTaskStartScheduler) for vTaskStartScheduler
    main.o(i.main) refers to main.o(.data) for StartTask_Handler
    main.o(i.main) refers to main.o(i.start_task) for start_task
    main.o(i.set_task) refers to user_set.o(i.set_param_task) for set_param_task
    main.o(i.start_task) refers to port.o(i.vPortEnterCritical) for vPortEnterCritical
    main.o(i.start_task) refers to osc_gpio.o(i.gpio_init) for gpio_init
    main.o(i.start_task) refers to delay.o(i.delay_init) for delay_init
    main.o(i.start_task) refers to global.o(i.global_init) for global_init
    main.o(i.start_task) refers to msg.o(i.msg_init) for msg_init
    main.o(i.start_task) refers to usart3.o(i.uart3_init) for uart3_init
    main.o(i.start_task) refers to usart1.o(i.uart1_init) for uart1_init
    main.o(i.start_task) refers to usart2.o(i.uart2_init) for uart2_init
    main.o(i.start_task) refers to tasks.o(i.xTaskCreate) for xTaskCreate
    main.o(i.start_task) refers to tasks.o(i.vTaskDelete) for vTaskDelete
    main.o(i.start_task) refers to port.o(i.vPortExitCritical) for vPortExitCritical
    main.o(i.start_task) refers to global.o(.bss) for global
    main.o(i.start_task) refers to main.o(.data) for ec20_task_handler
    main.o(i.start_task) refers to main.o(i.ec20_task) for ec20_task
    main.o(i.start_task) refers to main.o(i.stm32_task) for stm32_task
    main.o(i.start_task) refers to main.o(i.set_task) for set_task
    main.o(i.stm32_task) refers to stm32_task.o(i.stm32_recv_task) for stm32_recv_task
    system_stm32f10x.o(i.SetSysClock) refers to system_stm32f10x.o(i.SetSysClockTo72) for SetSysClockTo72
    system_stm32f10x.o(i.SystemCoreClockUpdate) refers to system_stm32f10x.o(.data) for SystemCoreClock
    system_stm32f10x.o(i.SystemInit) refers to system_stm32f10x.o(i.SetSysClock) for SetSysClock
    startup_stm32f10x_md.o(STACK) refers (Special) to heapauxi.o(.text) for __use_two_region_memory
    startup_stm32f10x_md.o(HEAP) refers (Special) to heapauxi.o(.text) for __use_two_region_memory
    startup_stm32f10x_md.o(RESET) refers (Special) to heapauxi.o(.text) for __use_two_region_memory
    startup_stm32f10x_md.o(RESET) refers to startup_stm32f10x_md.o(STACK) for __initial_sp
    startup_stm32f10x_md.o(RESET) refers to startup_stm32f10x_md.o(.text) for Reset_Handler
    startup_stm32f10x_md.o(RESET) refers to stm32f10x_it.o(i.NMI_Handler) for NMI_Handler
    startup_stm32f10x_md.o(RESET) refers to stm32f10x_it.o(i.HardFault_Handler) for HardFault_Handler
    startup_stm32f10x_md.o(RESET) refers to stm32f10x_it.o(i.MemManage_Handler) for MemManage_Handler
    startup_stm32f10x_md.o(RESET) refers to stm32f10x_it.o(i.BusFault_Handler) for BusFault_Handler
    startup_stm32f10x_md.o(RESET) refers to stm32f10x_it.o(i.UsageFault_Handler) for UsageFault_Handler
    startup_stm32f10x_md.o(RESET) refers to port.o(.emb_text) for SVC_Handler
    startup_stm32f10x_md.o(RESET) refers to stm32f10x_it.o(i.DebugMon_Handler) for DebugMon_Handler
    startup_stm32f10x_md.o(RESET) refers to delay.o(i.SysTick_Handler) for SysTick_Handler
    startup_stm32f10x_md.o(RESET) refers to usart3.o(i.DMA1_Channel2_IRQHandler) for DMA1_Channel2_IRQHandler
    startup_stm32f10x_md.o(RESET) refers to usart3.o(i.DMA1_Channel3_IRQHandler) for DMA1_Channel3_IRQHandler
    startup_stm32f10x_md.o(RESET) refers to usart1.o(i.DMA1_Channel4_IRQHandler) for DMA1_Channel4_IRQHandler
[...]
    xTimerQueue                              0x200000a4   Data           4  timers.o(.data)
    xTimerTaskHandle                         0x200000a8   Data           4  timers.o(.data)
    xLastTime                                0x200000ac   Data           4  timers.o(.data)
    .data                                    0x200000b0   Section       12  usart3.o(.data)
    tx                                       0x200000b0   Data           4  usart3.o(.data)
    .data                                    0x200000bc   Section       12  usart1.o(.data)
    tx                                       0x200000bc   Data           4  usart1.o(.data)
    callBack_recv                            0x200000c0   Data           4  usart1.o(.data)
    default_callback                         0x200000c4   Data           4  usart1.o(.data)
    .data                                    0x200000c8   Section       12  usart2.o(.data)
    tx                                       0x200000c8   Data           4  usart2.o(.data)
    send_complete_callback                   0x200000cc   Data           4  usart2.o(.data)
    recv_callback                            0x200000d0   Data           4  usart2.o(.data)
    .data                                    0x200000d4   Section        4  delay.o(.data)
    fac_us                                   0x200000d4   Data           1  delay.o(.data)
    fac_ms                                   0x200000d6   Data           2  delay.o(.data)
    .data                                    0x200000d8   Section       24  msg.o(.data)
    ec20_remote_queue                        0x200000d8   Data           4  msg.o(.data)
    ec20_cmd_queue                           0x200000dc   Data           4  msg.o(.data)
    stm32_recv_queue                         0x200000e0   Data           4  msg.o(.data)
    queue_set_cmd                            0x200000e4   Data           4  msg.o(.data)
    sem_ec20_recv                            0x200000e8   Data           4  msg.o(.data)
    sem_user_sended                          0x200000ec   Data           4  msg.o(.data)
    .bss                                     0x200000f0   Section    15360  heap_4.o(.bss)
    ucHeap                                   0x200000f0   Data       15360  heap_4.o(.bss)
    .bss                                     0x20003cf0   Section       64  queue.o(.bss)
    .bss                                     0x20003d30   Section      740  tasks.o(.bss)
    pxReadyTasksLists                        0x20003d30   Data         640  tasks.o(.bss)
    xDelayedTaskList1                        0x20003fb0   Data          20  tasks.o(.bss)
    xDelayedTaskList2                        0x20003fc4   Data          20  tasks.o(.bss)
    xPendingReadyList                        0x20003fd8   Data          20  tasks.o(.bss)
    xTasksWaitingTermination                 0x20003fec   Data          20  tasks.o(.bss)
    xSuspendedTaskList                       0x20004000   Data          20  tasks.o(.bss)
    .bss                                     0x20004014   Section       40  timers.o(.bss)
    xActiveTimerList1                        0x20004014   Data          20  timers.o(.bss)
    xActiveTimerList2                        0x20004028   Data          20  timers.o(.bss)
    .bss                                     0x2000403c   Section      101  usart3.o(.bss)
    rx                                       0x2000403c   Data         101  usart3.o(.bss)
    .bss                                     0x200040a4   Section      216  msg.o(.bss)
    .bss                                     0x2000417c   Section       92  global.o(.bss)
    .bss                                     0x200041d8   Section      224  ec20.o(.bss)
    ec20                                     0x200041d8   Data         224  ec20.o(.bss)
    .bss                                     0x200042b8   Section       96  libspace.o(.bss)
    HEAP                                     0x20004318   Section      512  startup_stm32f10x_md.o(HEAP)
    Heap_Mem                                 0x20004318   Data         512  startup_stm32f10x_md.o(HEAP)
    STACK                                    0x20004518   Section     1024  startup_stm32f10x_md.o(STACK)
    Stack_Mem                                0x20004518   Data        1024  startup_stm32f10x_md.o(STACK)
    __initial_sp                             0x20004918   Data           0  startup_stm32f10x_md.o(STACK)

    Global Symbols

    Symbol Name                              Value     Ov Type        Size  Object(Section)

    BuildAttributes$$THM_ISAv4$P$D$K$B$S$PE$A:L22UL41UL21$X:L11$S22US41US21$IEEE1$IW$USESV6$~STKCKD$USESV7$~SHL$OSPACE$ROPI$EBA8$UX$STANDARDLIB$REQ8$PRES8$EABIv2 0x00000000   Number         0  anon$$obj.o ABSOLUTE
    __ARM_use_no_argv                        0x00000000   Number         0  main.o ABSOLUTE
    _printf_flags                            0x00000000   Number         0  printf_stubs.o ABSOLUTE
    _printf_return_value                     0x00000000   Number         0  printf_stubs.o ABSOLUTE
    _printf_sizespec                         0x00000000   Number         0  printf_stubs.o ABSOLUTE
    _printf_widthprec                        0x00000000   Number         0  printf_stubs.o ABSOLUTE
    __ARM_exceptions_init                     - Undefined Weak Reference
    __alloca_initialize                       - Undefined Weak Reference
    __arm_preinit_                            - Undefined Weak Reference
    __cpp_initialize__aeabi_                  - Undefined Weak Reference
    __cxa_finalize                            - Undefined Weak Reference
    __sigvec_lookup                           - Undefined Weak Reference
    _atexit_init                              - Undefined Weak Reference
    _call_atexit_fns                          - Undefined Weak Reference
    _clock_init                               - Undefined Weak Reference
    _fp_trap_init                             - Undefined Weak Reference
    _fp_trap_shutdown                         - Undefined Weak Reference
    _get_lc_collate                           - Undefined Weak Reference
    _get_lc_monetary                          - Undefined Weak Reference
    _get_lc_numeric                           - Undefined Weak Reference
    _get_lc_time                              - Undefined Weak Reference
    _getenv_init                              - Undefined Weak Reference
    _handle_redirection                       - Undefined Weak Reference
    _init_alloc                               - Undefined Weak Reference
    _init_user_alloc                          - Undefined Weak Reference
    _initio                                   - Undefined Weak Reference
    _mutex_acquire                            - Undefined Weak Reference
    _mutex_release                            - Undefined Weak Reference
    _printf_mbtowc                            - Undefined Weak Reference
    _printf_truncate_signed                   - Undefined Weak Reference
    _printf_truncate_unsigned                 - Undefined Weak Reference
    _rand_init                                - Undefined Weak Reference
    _signal_finish                            - Undefined Weak Reference
    _signal_init                              - Undefined Weak Reference
    _terminate_alloc                          - Undefined Weak Reference
    _terminate_user_alloc                     - Undefined Weak Reference
    _terminateio                              - Undefined Weak Reference
    __Vectors_Size                           0x000000ec   Number         0  startup_stm32f10x_md.o ABSOLUTE
    __Vectors                                0x08000000   Data           4  startup_stm32f10x_md.o(RESET)
    __Vectors_End                            0x080000ec   Data           0  startup_stm32f10x_md.o(RESET)
    __main                                   0x080000ed   Thumb Code     8  __main.o(!!!main)
    __scatterload                            0x080000f5   Thumb Code     0  __scatter.o(!!!scatter)
    __scatterload_rt2                        0x080000f5   Thumb Code    44  __scatter.o(!!!scatter)
    __scatterload_rt2_thumb_only             0x080000f5   Thumb Code     0  __scatter.o(!!!scatter)
    __scatterload_null                       0x08000103   Thumb Code     0  __scatter.o(!!!scatter)
    __scatterload_copy                       0x08000129   Thumb Code    26  __scatter_copy.o(!!handler_copy)
    __scatterload_zeroinit                   0x08000145   Thumb Code    28  __scatter_zi.o(!!handler_zi)
    _printf_d                                0x08000161   Thumb Code     0  _printf_d.o(.ARM.Collect$$_printf_percent$$00000009)
    _printf_percent                          0x08000161   Thumb Code     0  _printf_percent.o(.ARM.Collect$$_printf_percent$$00000000)
    _printf_u                                0x08000167   Thumb Code     0  _printf_u.o(.ARM.Collect$$_printf_percent$$0000000A)
    _printf_c                                0x0800016d   Thumb Code     0  _printf_c.o(.ARM.Collect$$_printf_percent$$00000013)
    _printf_s                                0x08000173   Thumb Code     0  _printf_s.o(.ARM.Collect$$_printf_percent$$00000014)
    _printf_percent_end                      0x08000179   Thumb Code     0  _printf_percent_end.o(.ARM.Collect$$_printf_percent$$00000017)
    __rt_lib_init                            0x0800017d   Thumb Code     0  libinit.o(.ARM.Collect$$libinit$$00000000)
    __rt_lib_init_fp_1                       0x0800017f   Thumb Code     0  libinit2.o(.ARM.Collect$$libinit$$00000002)
    __rt_lib_init_heap_1                     0x0800017f   Thumb Code     0  libinit2.o(.ARM.Collect$$libinit$$0000000A)
    __rt_lib_init_lc_common                  0x0800017f   Thumb Code     0  libinit2.o(.ARM.Collect$$libinit$$0000000F)
    __rt_lib_init_preinit_1                  0x0800017f   Thumb Code     0  libinit2.o(.ARM.Collect$$libinit$$00000004)
    __rt_lib_init_rand_1                     0x0800017f   Thumb Code     0  libinit2.o(.ARM.Collect$$libinit$$0000000E)
    __rt_lib_init_user_alloc_1               0x0800017f   Thumb Code     0  libinit2.o(.ARM.Collect$$libinit$$0000000C)
    __rt_lib_init_lc_collate_1               0x08000185   Thumb Code     0  libinit2.o(.ARM.Collect$$libinit$$00000011)
    __rt_lib_init_lc_ctype_2                 0x08000185   Thumb Code     0  libinit2.o(.ARM.Collect$$libinit$$00000012)
    __rt_lib_init_alloca_1                   0x08000191   Thumb Code     0  libinit2.o(.ARM.Collect$$libinit$$0000002E)
    __rt_lib_init_argv_1                     0x08000191   Thumb Code     0  libinit2.o(.ARM.Collect$$libinit$$0000002C)
    __rt_lib_init_atexit_1                   0x08000191   Thumb Code     0  libinit2.o(.ARM.Collect$$libinit$$0000001B)
    __rt_lib_init_clock_1                    0x08000191   Thumb Code     0  libinit2.o(.ARM.Collect$$libinit$$00000021)
    __rt_lib_init_cpp_1                      0x08000191   Thumb Code     0  libinit2.o(.ARM.Collect$$libinit$$00000032)
    __rt_lib_init_exceptions_1               0x08000191   Thumb Code     0  libinit2.o(.ARM.Collect$$libinit$$00000030)
    __rt_lib_init_fp_trap_1                  0x08000191   Thumb Code     0  libinit2.o(.ARM.Collect$$libinit$$0000001F)
    __rt_lib_init_getenv_1                   0x08000191   Thumb Code     0  libinit2.o(.ARM.Collect$$libinit$$00000023)
    __rt_lib_init_lc_ctype_1                 0x08000191   Thumb Code     0  libinit2.o(.ARM.Collect$$libinit$$00000013)
    __rt_lib_init_lc_monetary_1              0x08000191   Thumb Code     0  libinit2.o(.ARM.Collect$$libinit$$00000015)
    __rt_lib_init_lc_numeric_1               0x08000191   Thumb Code     0  libinit2.o(.ARM.Collect$$libinit$$00000017)
    __rt_lib_init_lc_time_1                  0x08000191   Thumb Code     0  libinit2.o(.ARM.Collect$$libinit$$00000019)
    __rt_lib_init_return                     0x08000191   Thumb Code     0  libinit2.o(.ARM.Collect$$libinit$$00000033)
    __rt_lib_init_signal_1                   0x08000191   Thumb Code     0  libinit2.o(.ARM.Collect$$libinit$$0000001D)
    __rt_lib_init_stdio_1                    0x08000191   Thumb Code     0  libinit2.o(.ARM.Collect$$libinit$$00000025)
    __rt_lib_shutdown                        0x08000193   Thumb Code     0  libshutdown.o(.ARM.Collect$$libshutdown$$00000000)
    __rt_lib_shutdown_cpp_1                  0x08000195   Thumb Code     0  libshutdown2.o(.ARM.Collect$$libshutdown$$00000002)
    __rt_lib_shutdown_fp_trap_1              0x08000195   Thumb Code     0  libshutdown2.o(.ARM.Collect$$libshutdown$$00000007)
    __rt_lib_shutdown_heap_1                 0x08000195   Thumb Code     0  libshutdown2.o(.ARM.Collect$$libshutdown$$0000000F)
    __rt_lib_shutdown_return                 0x08000195   Thumb Code     0  libshutdown2.o(.ARM.Collect$$libshutdown$$00000010)
    __rt_lib_shutdown_signal_1               0x08000195   Thumb Code     0  libshutdown2.o(.ARM.Collect$$libshutdown$$0000000A)
    __rt_lib_shutdown_stdio_1                0x08000195   Thumb Code     0  libshutdown2.o(.ARM.Collect$$libshutdown$$00000004)
    __rt_lib_shutdown_user_alloc_1           0x08000195   Thumb Code     0  libshutdown2.o(.ARM.Collect$$libshutdown$$0000000C)
    __rt_entry                               0x08000197   Thumb Code     0  __rtentry.o(.ARM.Collect$$rtentry$$00000000)
    __rt_entry_presh_1                       0x08000197   Thumb Code     0  __rtentry2.o(.ARM.Collect$$rtentry$$00000002)
    __rt_entry_sh                            0x08000197   Thumb Code     0  __rtentry4.o(.ARM.Collect$$rtentry$$00000004)
    __rt_entry_li                            0x0800019d   Thumb Code     0  __rtentry2.o(.ARM.Collect$$rtentry$$0000000A)
    __rt_entry_postsh_1                      0x0800019d   Thumb Code     0  __rtentry2.o(.ARM.Collect$$rtentry$$00000009)
    __rt_entry_main                          0x080001a1   Thumb Code     0  __rtentry2.o(.ARM.Collect$$rtentry$$0000000D)
    __rt_entry_postli_1                      0x080001a1   Thumb Code     0  __rtentry2.o(.ARM.Collect$$rtentry$$0000000C)
    __rt_exit                                0x080001a9   Thumb Code     0  rtexit.o(.ARM.Collect$$rtexit$$00000000)
    __rt_exit_ls                             0x080001ab   Thumb Code     0  rtexit2.o(.ARM.Collect$$rtexit$$00000003)
    __rt_exit_prels_1                        0x080001ab   Thumb Code     0  rtexit2.o(.ARM.Collect$$rtexit$$00000002)
    __rt_exit_exit                           0x080001af   Thumb Code     0  rtexit2.o(.ARM.Collect$$rtexit$$00000004)
    SVC_Handler                              0x080001b5   Thumb Code    32  port.o(.emb_text)
    __asm___6_port_c_39a90d8d__prvStartFirstTask 0x080001d9   Thumb Code    28  port.o(.emb_text)
    PendSV_Handler                           0x080001f9   Thumb Code    72  port.o(.emb_text)
    vPortGetIPSR                             0x08000245   Thumb Code     6  port.o(.emb_text)
    Reset_Handler                            0x0800024d   Thumb Code     8  startup_stm32f10x_md.o(.text)
    ADC1_2_IRQHandler                        0x08000267   Thumb Code     0  startup_stm32f10x_md.o(.text)
    CAN1_RX1_IRQHandler                      0x08000267   Thumb Code     0  startup_stm32f10x_md.o(.text)
    CAN1_SCE_IRQHandler                      0x08000267   Thumb Code     0  startup_stm32f10x_md.o(.text)
    DMA1_Channel1_IRQHandler                 0x08000267   Thumb Code     0  startup_stm32f10x_md.o(.text)
    EXTI0_IRQHandler                         0x08000267   Thumb Code     0  startup_stm32f10x_md.o(.text)
    EXTI15_10_IRQHandler                     0x08000267   Thumb Code     0  startup_stm32f10x_md.o(.text)
    EXTI1_IRQHandler                         0x08000267   Thumb Code     0  startup_stm32f10x_md.o(.text)
    EXTI2_IRQHandler                         0x08000267   Thumb Code     0  startup_stm32f10x_md.o(.text)
    EXTI3_IRQHandler                         0x08000267   Thumb Code     0  startup_stm32f10x_md.o(.text)
    EXTI4_IRQHandler                         0x08000267   Thumb Code     0  startup_stm32f10x_md.o(.text)
    EXTI9_5_IRQHandler                       0x08000267   Thumb Code     0  startup_stm32f10x_md.o(.text)
    FLASH_IRQHandler                         0x08000267   Thumb Code     0  startup_stm32f10x_md.o(.text)
    I2C1_ER_IRQHandler                       0x08000267   Thumb Code     0  startup_stm32f10x_md.o(.text)
    I2C1_EV_IRQHandler                       0x08000267   Thumb Code     0  startup_stm32f10x_md.o(.text)
    I2C2_ER_IRQHandler                       0x08000267   Thumb Code     0  startup_stm32f10x_md.o(.text)
    I2C2_EV_IRQHandler                       0x08000267   Thumb Code     0  startup_stm32f10x_md.o(.text)
    PVD_IRQHandler                           0x08000267   Thumb Code     0  startup_stm32f10x_md.o(.text)
    RCC_IRQHandler                           0x08000267   Thumb Code     0  startup_stm32f10x_md.o(.text)
    RTCAlarm_IRQHandler                      0x08000267   Thumb Code     0  startup_stm32f10x_md.o(.text)
    RTC_IRQHandler                           0x08000267   Thumb Code     0  startup_stm32f10x_md.o(.text)
    SPI1_IRQHandler                          0x08000267   Thumb Code     0  startup_stm32f10x_md.o(.text)
    SPI2_IRQHandler                          0x08000267   Thumb Code     0  startup_stm32f10x_md.o(.text)
    TAMPER_IRQHandler                        0x08000267   Thumb Code     0  startup_stm32f10x_md.o(.text)
    TIM1_BRK_IRQHandler                      0x08000267   Thumb Code     0  startup_stm32f10x_md.o(.text)
    TIM1_CC_IRQHandler                       0x08000267   Thumb Code     0  startup_stm32f10x_md.o(.text)
    TIM1_TRG_COM_IRQHandler                  0x08000267   Thumb Code     0  startup_stm32f10x_md.o(.text)
    TIM1_UP_IRQHandler                       0x08000267   Thumb Code     0  startup_stm32f10x_md.o(.text)
    TIM2_IRQHandler                          0x08000267   Thumb Code     0  startup_stm32f10x_md.o(.text)
    TIM3_IRQHandler                          0x08000267   Thumb Code     0  startup_stm32f10x_md.o(.text)
    TIM4_IRQHandler                          0x08000267   Thumb Code     0  startup_stm32f10x_md.o(.text)
    USBWakeUp_IRQHandler                     0x08000267   Thumb Code     0  startup_stm32f10x_md.o(.text)
    USB_HP_CAN1_TX_IRQHandler                0x08000267   Thumb Code     0  startup_stm32f10x_md.o(.text)
    USB_LP_CAN1_RX0_IRQHandler               0x08000267   Thumb Code     0  startup_stm32f10x_md.o(.text)
    WWDG_IRQHandler                          0x08000267   Thumb Code     0  startup_stm32f10x_md.o(.text)
    __user_initial_stackheap                 0x08000269   Thumb Code     0  startup_stm32f10x_md.o(.text)
    __use_no_semihosting                     0x0800028d   Thumb Code     2  use_no_semi_2.o(.text)
    __2printf                                0x08000291   Thumb Code    20  noretval__2printf.o(.text)
    __2sprintf                               0x080002a9   Thumb Code    34  noretval__2sprintf.o(.text)
    _printf_str                              0x080002d1   Thumb Code    82  _printf_str.o(.text)
    _printf_int_dec                          0x08000325   Thumb Code   104  _printf_dec.o(.text)
    __printf                                 0x0800039d   Thumb Code   388  __printf_flags_ss_wp.o(.text)
    atoi                                     0x08000525   Thumb Code    26  atoi.o(.text)
    strcpy                                   0x0800053f   Thumb Code    72  strcpy.o(.text)
    strncasecmp                              0x08000587   Thumb Code    50  strncasecmp.o(.text)
    strlen                                   0x080005b9   Thumb Code    62  strlen.o(.text)
    strcat                                   0x080005f7   Thumb Code    24  strcat.o(.text)
    __aeabi_memcpy                           0x0800060f   Thumb Code     0  rt_memcpy_v6.o(.text)
    __rt_memcpy                              0x0800060f   Thumb Code   138  rt_memcpy_v6.o(.text)
    _memcpy_lastbytes                        0x08000675   Thumb Code     0  rt_memcpy_v6.o(.text)
    __aeabi_memset                           0x08000699   Thumb Code    16  aeabi_memset.o(.text)
    strncpy                                  0x080006a9   Thumb Code    86  strncpy.o(.text)
    __use_two_region_memory                  0x080006ff   Thumb Code     2  heapauxi.o(.text)
    __rt_heap_escrow$2region                 0x08000701   Thumb Code     2  heapauxi.o(.text)
    __rt_heap_expand$2region                 0x08000703   Thumb Code     2  heapauxi.o(.text)
    __I$use$semihosting                      0x08000705   Thumb Code     0  use_no_semi.o(.text)
    __use_no_semihosting_swi                 0x08000705   Thumb Code     2  use_no_semi.o(.text)
    __aeabi_errno_addr                       0x08000709   Thumb Code     8  rt_errno_addr_intlibspace.o(.text)
    __errno$intlibspace                      0x08000709   Thumb Code     0  rt_errno_addr_intlibspace.o(.text)
    __rt_errno_addr$intlibspace              0x08000709   Thumb Code     0  rt_errno_addr_intlibspace.o(.text)
    tolower                                  0x08000711   Thumb Code    26  tolower.o(.text)
    _printf_int_common                       0x0800072b   Thumb Code   178  _printf_intcommon.o(.text)
    _printf_char_common                      0x080007e7   Thumb Code    32  _printf_char_common.o(.text)
    _sputc                                   0x0800080d   Thumb Code    10  _sputc.o(.text)
    _printf_cs_common                        0x08000817   Thumb Code    20  _printf_char.o(.text)
    _printf_char                             0x0800082b   Thumb Code    16  _printf_char.o(.text)
    _printf_string                           0x0800083b   Thumb Code     8  _printf_char.o(.text)
    _printf_char_file                        0x08000845   Thumb Code    32  _printf_char_file.o(.text)
    strtol                                   0x08000869   Thumb Code   112  strtol.o(.text)
    __aeabi_memcpy4                          0x080008d9   Thumb Code     0  rt_memcpy_w.o(.text)
    __aeabi_memcpy8                          0x080008d9   Thumb Code     0  rt_memcpy_w.o(.text)
    __rt_memcpy_w                            0x080008d9   Thumb Code   100  rt_memcpy_w.o(.text)
    _memcpy_lastbytes_aligned                0x08000921   Thumb Code     0  rt_memcpy_w.o(.text)
    __aeabi_memclr                           0x0800093d   Thumb Code     0  rt_memclr.o(.text)
    __rt_memclr                              0x0800093d   Thumb Code    68  rt_memclr.o(.text)
    _memset                                  0x08000941   Thumb Code     0  rt_memclr.o(.text)
    __user_libspace                          0x08000981   Thumb Code     8  libspace.o(.text)
    __user_perproc_libspace                  0x08000981   Thumb Code     0  libspace.o(.text)
    __user_perthread_libspace                0x08000981   Thumb Code     0  libspace.o(.text)
    __rt_ctype_table                         0x08000989   Thumb Code    16  rt_ctype_table.o(.text)
    _strtoul                                 0x08000999   Thumb Code   158  _strtoul.o(.text)
    ferror                                   0x08000a37   Thumb Code     8  ferror.o(.text)
    __aeabi_memclr4                          0x08000a3f   Thumb Code     0  rt_memclr_w.o(.text)
    __aeabi_memclr8                          0x08000a3f   Thumb Code     0  rt_memclr_w.o(.text)
    __rt_memclr_w                            0x08000a3f   Thumb Code    78  rt_memclr_w.o(.text)
    _memset_w                                0x08000a43   Thumb Code     0  rt_memclr_w.o(.text)
    __user_setup_stackheap                   0x08000a8d   Thumb Code    74  sys_stackheap_outer.o(.text)
    __rt_locale                              0x08000ad9   Thumb Code     8  rt_locale_intlibspace.o(.text)
    _chval                                   0x08000ae1   Thumb Code    28  _chval.o(.text)
    exit                                     0x08000afd   Thumb Code    18  exit.o(.text)
    strcmp                                   0x08000b11   Thumb Code   128  strcmpv7m.o(.text)
    BusFault_Handler                         0x08000b91   Thumb Code     4  stm32f10x_it.o(i.BusFault_Handler)
    DMA1_Channel2_IRQHandler                 0x08000b95   Thumb Code    76  usart3.o(i.DMA1_Channel2_IRQHandler)
    DMA1_Channel3_IRQHandler                 0x08000be5   Thumb Code    80  usart3.o(i.DMA1_Channel3_IRQHandler)
    DMA1_Channel4_IRQHandler                 0x08000c39   Thumb Code    84  usart1.o(i.DMA1_Channel4_IRQHandler)
    DMA1_Channel5_IRQHandler                 0x08000c91   Thumb Code    80  usart1.o(i.DMA1_Channel5_IRQHandler)
    DMA1_Channel6_IRQHandler                 0x08000ce5   Thumb Code    80  usart2.o(i.DMA1_Channel6_IRQHandler)
    DMA1_Channel7_IRQHandler                 0x08000d39   Thumb Code    90  usart2.o(i.DMA1_Channel7_IRQHandler)
    DMA_ClearFlag                            0x08000d9d   Thumb Code    18  stm32f10x_dma.o(i.DMA_ClearFlag)
    DMA_ClearITPendingBit                    0x08000db9   Thumb Code    18  stm32f10x_dma.o(i.DMA_ClearITPendingBit)
    DMA_Cmd                                  0x08000dd5   Thumb Code    24  stm32f10x_dma.o(i.DMA_Cmd)
    DMA_DeInit                               0x08000ded   Thumb Code   324  stm32f10x_dma.o(i.DMA_DeInit)
    DMA_GetCurrDataCounter                   0x08000f39   Thumb Code     8  stm32f10x_dma.o(i.DMA_GetCurrDataCounter)
    DMA_GetITStatus                          0x08000f41   Thumb Code    36  stm32f10x_dma.o(i.DMA_GetITStatus)
    DMA_ITConfig                             0x08000f6d   Thumb Code    18  stm32f10x_dma.o(i.DMA_ITConfig)
    DMA_Init                                 0x08000f7f   Thumb Code    60  stm32f10x_dma.o(i.DMA_Init)
    DebugMon_Handler                         0x08000fbb   Thumb Code     2  stm32f10x_it.o(i.DebugMon_Handler)
    FLASH_ClearFlag                          0x08000fbd   Thumb Code     6  stm32f10x_flash.o(i.FLASH_ClearFlag)
    FLASH_ErasePage                          0x08000fc9   Thumb Code    72  stm32f10x_flash.o(i.FLASH_ErasePage)
    FLASH_GetBank1Status                     0x08001015   Thumb Code    48  stm32f10x_flash.o(i.FLASH_GetBank1Status)
    FLASH_GetReadOutProtectionStatus         0x08001049   Thumb Code    20  stm32f10x_flash.o(i.FLASH_GetReadOutProtectionStatus)
    FLASH_Lock                               0x08001061   Thumb Code    14  stm32f10x_flash.o(i.FLASH_Lock)
    FLASH_ProgramHalfWord                    0x08001075   Thumb Code    60  stm32f10x_flash.o(i.FLASH_ProgramHalfWord)
    FLASH_ProgramWord                        0x080010b5   Thumb Code   102  stm32f10x_flash.o(i.FLASH_ProgramWord)
    FLASH_ReadOutProtection                  0x08001121   Thumb Code   156  stm32f10x_flash.o(i.FLASH_ReadOutProtection)
    FLASH_Unlock                             0x080011cd   Thumb Code    12  stm32f10x_flash.o(i.FLASH_Unlock)
    FLASH_WaitForLastOperation               0x080011e5   Thumb Code    38  stm32f10x_flash.o(i.FLASH_WaitForLastOperation)
    Flash_EnableReadProtection               0x0800120b   Thumb Code    24  protect.o(i.Flash_EnableReadProtection)
    GPIO_Init                                0x08001223   Thumb Code   278  stm32f10x_gpio.o(i.GPIO_Init)
    GPIO_ResetBits                           0x08001339   Thumb Code     4  stm32f10x_gpio.o(i.GPIO_ResetBits)
    HardFault_Handler                        0x0800133d   Thumb Code     4  stm32f10x_it.o(i.HardFault_Handler)
    MemManage_Handler                        0x08001341   Thumb Code     4  stm32f10x_it.o(i.MemManage_Handler)
    NMI_Handler                              0x08001345   Thumb Code     2  stm32f10x_it.o(i.NMI_Handler)
    NVIC_Init                                0x08001349   Thumb Code   100  misc.o(i.NVIC_Init)
    NVIC_PriorityGroupConfig                 0x080013b9   Thumb Code    10  misc.o(i.NVIC_PriorityGroupConfig)
    RCC_AHBPeriphClockCmd                    0x080013cd   Thumb Code    26  stm32f10x_rcc.o(i.RCC_AHBPeriphClockCmd)
    RCC_APB1PeriphClockCmd                   0x080013ed   Thumb Code    26  stm32f10x_rcc.o(i.RCC_APB1PeriphClockCmd)
    RCC_APB1PeriphResetCmd                   0x0800140d   Thumb Code    26  stm32f10x_rcc.o(i.RCC_APB1PeriphResetCmd)
    RCC_APB2PeriphClockCmd                   0x0800142d   Thumb Code    26  stm32f10x_rcc.o(i.RCC_APB2PeriphClockCmd)
    RCC_APB2PeriphResetCmd                   0x0800144d   Thumb Code    26  stm32f10x_rcc.o(i.RCC_APB2PeriphResetCmd)
    RCC_GetClocksFreq                        0x0800146d   Thumb Code   192  stm32f10x_rcc.o(i.RCC_GetClocksFreq)
    SysTick_CLKSourceConfig                  0x08001629   Thumb Code    40  misc.o(i.SysTick_CLKSourceConfig)
    SysTick_Handler                          0x08001651   Thumb Code    16  delay.o(i.SysTick_Handler)
    SystemInit                               0x08001661   Thumb Code    78  system_stm32f10x.o(i.SystemInit)
    USART1_IRQHandler                        0x080016c1   Thumb Code   278  usart1.o(i.USART1_IRQHandler)
    USART2_IRQHandler                        0x080017f1   Thumb Code   270  usart2.o(i.USART2_IRQHandler)
    USART3_IRQHandler                        0x08001915   Thumb Code   222  usart3.o(i.USART3_IRQHandler)
    USART_ClearFlag                          0x08001a05   Thumb Code    18  stm32f10x_usart.o(i.USART_ClearFlag)
    USART_ClearITPendingBit                  0x08001a17   Thumb Code    30  stm32f10x_usart.o(i.USART_ClearITPendingBit)
    USART_Cmd                                0x08001a35   Thumb Code    24  stm32f10x_usart.o(i.USART_Cmd)
    USART_DMACmd                             0x08001a4d   Thumb Code    18  stm32f10x_usart.o(i.USART_DMACmd)
    USART_DeInit                             0x08001a61   Thumb Code   134  stm32f10x_usart.o(i.USART_DeInit)
    USART_GetITStatus                        0x08001afd   Thumb Code    84  stm32f10x_usart.o(i.USART_GetITStatus)
    USART_ITConfig                           0x08001b51   Thumb Code    74  stm32f10x_usart.o(i.USART_ITConfig)
    USART_Init                               0x08001b9d   Thumb Code   210  stm32f10x_usart.o(i.USART_Init)
    USART_ReceiveData                        0x08001c75   Thumb Code    10  stm32f10x_usart.o(i.USART_ReceiveData)
    UsageFault_Handler                       0x08001c7f   Thumb Code     4  stm32f10x_it.o(i.UsageFault_Handler)
    _is_digit                                0x08001c83   Thumb Code    14  __printf_wp.o(i._is_digit)
    _sys_exit                                0x08001c91   Thumb Code     4  usart3.o(i._sys_exit)
    callback_ec20_deault                     0x08002541   Thumb Code    90  ec20.o(i.callback_ec20_deault)
    delay_init                               0x080025a5   Thumb Code    74  delay.o(i.delay_init)
    eTaskGetState                            0x08002959   Thumb Code   102  tasks.o(i.eTaskGetState)
    ec20_recv_task                           0x080029f9   Thumb Code  1678  ec20.o(i.ec20_recv_task)
    ec20_rx                                  0x08003121   Thumb Code    98  msg.o(i.ec20_rx)
    ec20_task                                0x0800318d   Thumb Code    10  main.o(i.ec20_task)
    fputc                                    0x08003199   Thumb Code    24  usart3.o(i.fputc)
    get_flash_flag                           0x080031b5   Thumb Code    32  user_set.o(i.get_flash_flag)
    get_idle_time                            0x080031d9   Thumb Code    42  user_set.o(i.get_idle_time)
    get_max_data                             0x08003209   Thumb Code    32  user_set.o(i.get_max_data)
    get_socket_ip                            0x0800322d   Thumb Code    90  user_set.o(i.get_socket_ip)
    get_socket_port                          0x08003291   Thumb Code    32  user_set.o(i.get_socket_port)
    get_user_baud                            0x080032b5   Thumb Code    42  user_set.o(i.get_user_baud)
    getting_queue_ec20_cmd                   0x080032e5   Thumb Code    22  msg.o(i.getting_queue_ec20_cmd)
    getting_queue_ec20_remote                0x08003301   Thumb Code    22  msg.o(i.getting_queue_ec20_remote)
    getting_queue_set_cmd                    0x0800331d   Thumb Code    22  msg.o(i.getting_queue_set_cmd)
    getting_queue_stm32                      0x08003339   Thumb Code    22  msg.o(i.getting_queue_stm32)
    global_init                              0x08003355   Thumb Code   244  global.o(i.global_init)
    gpio_init                                0x0800345d   Thumb Code    96  osc_gpio.o(i.gpio_init)
    main                                     0x080034c5   Thumb Code    42  main.o(i.main)
    msg_free                                 0x08003505   Thumb Code    20  msg.o(i.msg_free)
    msg_init                                 0x08003519   Thumb Code    32  msg.o(i.msg_init)
    pvPortMalloc                             0x0800416d   Thumb Code   262  heap_4.o(i.pvPortMalloc)
    pvTaskIncrementMutexHeldCount            0x080042c1   Thumb Code    26  tasks.o(i.pvTaskIncrementMutexHeldCount)
    pxPortInitialiseStack                    0x080042e1   Thumb Code    30  port.o(i.pxPortInitialiseStack)
    query_sended_result                      0x08004305   Thumb Code    76  ec20.o(i.query_sended_result)
    reset_user_set                           0x080043e1   Thumb Code    50  user_set.o(i.reset_user_set)
    sem_ec20_cmd_get                         0x08004425   Thumb Code    20  msg.o(i.sem_ec20_cmd_get)
    sem_ec20_recv_send_isr                   0x0800443d   Thumb Code    14  msg.o(i.sem_ec20_recv_send_isr)
    send_commucation_head                    0x08004481   Thumb Code    94  ec20.o(i.send_commucation_head)
    send_to_stm32_callback                   0x080045d1   Thumb Code    10  ec20.o(i.send_to_stm32_callback)
    sended_result                            0x080045dd   Thumb Code    46  ec20.o(i.sended_result)
    sending_queue_ec20_cmd                   0x08004611   Thumb Code    42  msg.o(i.sending_queue_ec20_cmd)
    sending_queue_ec20_remote                0x08004661   Thumb Code    42  msg.o(i.sending_queue_ec20_remote)
    sending_queue_set_cmd                    0x080046b1   Thumb Code    44  msg.o(i.sending_queue_set_cmd)
    sending_queue_stm32                      0x08004701   Thumb Code    42  msg.o(i.sending_queue_stm32)
    set_cmd_callback                         0x08004751   Thumb Code    46  user_set.o(i.set_cmd_callback)
    set_flash_flag                           0x080047a9   Thumb Code   134  user_set.o(i.set_flash_flag)
    set_idle_time                            0x08004851   Thumb Code   154  user_set.o(i.set_idle_time)
    set_max_data                             0x0800490d   Thumb Code   150  user_set.o(i.set_max_data)
    set_param_task                           0x080049c1   Thumb Code   840  user_set.o(i.set_param_task)
    set_socket_ip                            0x08004fc5   Thumb Code   236  user_set.o(i.set_socket_ip)
    set_socket_port                          0x080050e9   Thumb Code   144  user_set.o(i.set_socket_port)
    set_task                                 0x08005199   Thumb Code    10  main.o(i.set_task)
    set_user_baud                            0x080051a5   Thumb Code   180  user_set.o(i.set_user_baud)
    start_task                               0x0800527d   Thumb Code   122  main.o(i.start_task)
    stm32_recv_callback                      0x0800533d   Thumb Code    18  stm32_task.o(i.stm32_recv_callback)
    stm32_recv_task                          0x08005351   Thumb Code   226  stm32_task.o(i.stm32_recv_task)
    stm32_rx                                 0x080054d5   Thumb Code    98  msg.o(i.stm32_rx)
    stm32_task                               0x08005541   Thumb Code    10  main.o(i.stm32_task)
    uart1_init                               0x08005621   Thumb Code    28  usart1.o(i.uart1_init)
    uart1_send                               0x08005645   Thumb Code    64  usart1.o(i.uart1_send)
    uart2_init                               0x08005761   Thumb Code    20  usart2.o(i.uart2_init)
    uart2_send                               0x08005775   Thumb Code    70  usart2.o(i.uart2_send)
    uart3_init                               0x0800586d   Thumb Code    26  usart3.o(i.uart3_init)
    user_sended_free_isr                     0x08005891   Thumb Code    14  msg.o(i.user_sended_free_isr)
    user_sended_get                          0x080058a5   Thumb Code    20  msg.o(i.user_sended_get)
    uxListRemove                             0x080058bd   Thumb Code    40  list.o(i.uxListRemove)
    uxTaskGetSystemState                     0x080058e5   Thumb Code   152  tasks.o(i.uxTaskGetSystemState)
    vListInitialise                          0x08005995   Thumb Code    26  list.o(i.vListInitialise)
    vListInitialiseItem                      0x080059af   Thumb Code     6  list.o(i.vListInitialiseItem)
    vListInsert                              0x080059b5   Thumb Code    52  list.o(i.vListInsert)
    vListInsertEnd                           0x080059e9   Thumb Code    24  list.o(i.vListInsertEnd)
    vPortEnterCritical                       0x08005a01   Thumb Code    68  port.o(i.vPortEnterCritical)
    vPortExitCritical                        0x08005a89   Thumb Code    48  port.o(i.vPortExitCritical)
    vPortFree                                0x08005af9   Thumb Code   120  heap_4.o(i.vPortFree)
    vPortSetupTimerInterrupt                 0x08005bb1   Thumb Code    26  port.o(i.vPortSetupTimerInterrupt)
    vPortValidateInterruptPriority           0x08005bd1   Thumb Code    86  port.o(i.vPortValidateInterruptPriority)
    vQueueAddToRegistry                      0x08005c71   Thumb Code    38  queue.o(i.vQueueAddToRegistry)
    vQueueWaitForMessageRestricted           0x08005c9d   Thumb Code    74  queue.o(i.vQueueWaitForMessageRestricted)
    vTaskDelay                               0x08005ce9   Thumb Code    72  tasks.o(i.vTaskDelay)
    vTaskDelete                              0x08005d5d   Thumb Code   192  tasks.o(i.vTaskDelete)
    vTaskGetInfo                             0x08005e69   Thumb Code   114  tasks.o(i.vTaskGetInfo)
    vTaskList                                0x08005ee1   Thumb Code   204  tasks.o(i.vTaskList)
    vTaskMissedYield                         0x08005fc1   Thumb Code     8  tasks.o(i.vTaskMissedYield)
    vTaskPlaceOnEventList                    0x08005fcd   Thumb Code    42  tasks.o(i.vTaskPlaceOnEventList)
    vTaskPlaceOnEventListRestricted          0x08006021   Thumb Code    50  tasks.o(i.vTaskPlaceOnEventListRestricted)
    vTaskPriorityInherit                     0x0800607d   Thumb Code   164  tasks.o(i.vTaskPriorityInherit)
    vTaskSetTimeOutState                     0x0800612d   Thumb Code    32  tasks.o(i.vTaskSetTimeOutState)
    vTaskStartScheduler                      0x08006179   Thumb Code   108  tasks.o(i.vTaskStartScheduler)
    vTaskSuspendAll                          0x08006225   Thumb Code    12  tasks.o(i.vTaskSuspendAll)
    vTaskSwitchContext                       0x08006235   Thumb Code   110  tasks.o(i.vTaskSwitchContext)
    xPortGetFreeHeapSize                     0x080062dd   Thumb Code     6  heap_4.o(i.xPortGetFreeHeapSize)
    xPortGetMinimumEverFreeHeapSize          0x080062e9   Thumb Code     6  heap_4.o(i.xPortGetMinimumEverFreeHeapSize)
    xPortStartScheduler                      0x080062f5   Thumb Code   140  port.o(i.xPortStartScheduler)
    xPortSysTickHandler                      0x08006395   Thumb Code    46  port.o(i.xPortSysTickHandler)
    xQueueGenericCreate                      0x080063c9   Thumb Code    78  queue.o(i.xQueueGenericCreate)
    xQueueGenericReceive                     0x0800643d   Thumb Code   416  queue.o(i.xQueueGenericReceive)
    xQueueGenericReset                       0x08006605   Thumb Code   136  queue.o(i.xQueueGenericReset)
    xQueueGenericSend                        0x080066b5   Thumb Code   412  queue.o(i.xQueueGenericSend)
    xQueueGenericSendFromISR                 0x08006879   Thumb Code   234  queue.o(i.xQueueGenericSendFromISR)
    xQueueGiveFromISR                        0x08006989   Thumb Code   216  queue.o(i.xQueueGiveFromISR)
    xTaskCheckForTimeOut                     0x08006a85   Thumb Code   116  tasks.o(i.xTaskCheckForTimeOut)
    xTaskCreate                              0x08006b25   Thumb Code    96  tasks.o(i.xTaskCreate)
    xTaskGetSchedulerState                   0x08006b85   Thumb Code    24  tasks.o(i.xTaskGetSchedulerState)
    xTaskGetTickCount                        0x08006ba5   Thumb Code     6  tasks.o(i.xTaskGetTickCount)
    xTaskIncrementTick                       0x08006bb1   Thumb Code   272  tasks.o(i.xTaskIncrementTick)
    xTaskPriorityDisinherit                  0x08006d11   Thumb Code   168  tasks.o(i.xTaskPriorityDisinherit)
    xTaskRemoveFromEventList                 0x08006de9   Thumb Code   118  tasks.o(i.xTaskRemoveFromEventList)
    xTaskResumeAll                           0x08006e9d   Thumb Code   214  tasks.o(i.xTaskResumeAll)
    xTimerCreateTimerTask                    0x08006fbd   Thumb Code    56  timers.o(i.xTimerCreateTimerTask)
    xTimerGenericCommand                     0x08007031   Thumb Code   118  timers.o(i.xTimerGenericCommand)
    _get_lc_ctype                            0x080070d5   Thumb Code    44  lc_ctype_c.o(locale$$code)
    chk_baud                                 0x08007100   Data          10  ec20.o(.constdata)
    set_baud                                 0x0800710a   Data          16  ec20.o(.constdata)
    chk_signal                               0x0800711a   Data           9  ec20.o(.constdata)
    close_cmd_echo                           0x08007123   Data           7  ec20.o(.constdata)
    save_param                               0x0800712a   Data           7  ec20.o(.constdata)
    chk_iccid                                0x08007131   Data          11  ec20.o(.constdata)
    chk_pin                                  0x0800713c   Data          11  ec20.o(.constdata)
    chk_pin_back1                            0x08007147   Data          15  ec20.o(.constdata)
    chk_pin_back2                            0x08007156   Data          13  ec20.o(.constdata)
    chk_sim_reg                              0x08007163   Data          11  ec20.o(.constdata)
    chk_net_reg                              0x0800716e   Data          12  ec20.o(.constdata)
    set_link_ChinaMobile                     0x0800717a   Data          32  ec20.o(.constdata)
    set_link_UNICOM                          0x0800719a   Data          33  ec20.o(.constdata)
    set_link_p                               0x080071bb   Data          32  ec20.o(.constdata)
    chk_link_point                           0x080071db   Data          14  ec20.o(.constdata)
    active_pdp_context                       0x080071e9   Data          13  ec20.o(.constdata)
    chk_pdp_context                          0x080071f6   Data          12  ec20.o(.constdata)
    deactive_pdp_context                     0x08007202   Data          15  ec20.o(.constdata)
    creat_tcp_top                            0x08007211   Data          22  ec20.o(.constdata)
    creat_tcp_tail                           0x08007227   Data           3  ec20.o(.constdata)
    creat_tcp_port                           0x0800722a   Data           7  ec20.o(.constdata)
    creat_tcp_back1                          0x08007231   Data           8  ec20.o(.constdata)
    close_tcp                                0x08007239   Data          15  ec20.o(.constdata)
    chk_tcp                                  0x08007248   Data          17  ec20.o(.constdata)
    chk_data_echo                            0x08007259   Data          12  ec20.o(.constdata)
    chk_err_code                             0x08007265   Data          16  ec20.o(.constdata)
    exit_transpartent                        0x08007275   Data           4  ec20.o(.constdata)
    exit_transpartent2                       0x08007279   Data          11  ec20.o(.constdata)
    change_transparent_mode                  0x08007284   Data          17  ec20.o(.constdata)
    enter_transparent_mode                   0x08007295   Data           6  ec20.o(.constdata)
    common_ack                               0x0800729b   Data           3  ec20.o(.constdata)
    chk_Operator                             0x0800729e   Data          11  ec20.o(.constdata)
    Operater1_ack                            0x080072a9   Data          13  ec20.o(.constdata)
    Operater2_ack                            0x080072b6   Data          11  ec20.o(.constdata)
    Operater3_ack                            0x080072c1   Data           7  ec20.o(.constdata)
    chk_signal_quality                       0x080072c8   Data           9  ec20.o(.constdata)
    chk_signal_ack                           0x080072d1   Data           5  ec20.o(.constdata)
    remote_recv                              0x080072d6   Data           7  ec20.o(.constdata)
    tcp_direct_ack                           0x080072dd   Data           9  ec20.o(.constdata)
    send_head                                0x080072e6   Data          13  ec20.o(.constdata)
    send_head_ack                            0x080072f3   Data           2  ec20.o(.constdata)
    sended_data_ack                          0x080072f5   Data           8  ec20.o(.constdata)
    query_sended                             0x080072fd   Data          16  ec20.o(.constdata)
    query_sended_ack                         0x0800730d   Data           9  ec20.o(.constdata)
    Region$$Table$$Base                      0x08007364   Number         0  anon$$obj.o(Region$$Table)
    Region$$Table$$Limit                     0x08007384   Number         0  anon$$obj.o(Region$$Table)
    __ctype                                  0x08007391   Data           0  lc_ctype_c.o(locale$$data)
    StartTask_Handler                        0x20000000   Data           4  main.o(.data)
    ec20_task_handler                        0x20000004   Data           4  main.o(.data)
    stm32_task_handler                       0x20000008   Data           4  main.o(.data)
    idle_task_handler                        0x2000000c   Data           4  main.o(.data)
    set_task_handler                         0x20000010   Data           4  main.o(.data)
    SystemCoreClock                          0x20000014   Data           4  system_stm32f10x.o(.data)
    AHBPrescTable                            0x20000018   Data          16  system_stm32f10x.o(.data)
    pxCurrentTCB                             0x20000060   Data           4  tasks.o(.data)
    uart3_recv_callback                      0x200000b4   Data           4  usart3.o(.data)
    __stdout                                 0x200000b8   Data           4  usart3.o(.data)
    xQueueRegistry                           0x20003cf0   Data          64  queue.o(.bss)
    msg_recv_ec20                            0x200040a4   Data          96  msg.o(.bss)
    msg_recv_stm32                           0x20004104   Data          96  msg.o(.bss)
    cmd_rx_1th                               0x20004164   Data          12  msg.o(.bss)
    cmd_rx_2th                               0x20004170   Data          12  msg.o(.bss)
    global                                   0x2000417c   Data          92  global.o(.bss)
    __libspace_start                         0x200042b8   Data          96  libspace.o(.bss)
    __temporary_stack_top$libspace           0x20004318   Data           0  libspace.o(.bss)



==============================================================================

Memory Map of the image

  Image Entry point : 0x080000ed

  Load Region LR_IROM1 (Base: 0x08000000, Size: 0x00007584, Max: 0x00010000, ABSOLUTE)

    Execution Region ER_IROM1 (Exec base: 0x08000000, Load base: 0x08000000, Size: 0x00007494, Max: 0x00010000, ABSOLUTE)

    Exec Addr    Load Addr    Size         Type   Attr      Idx    E Section Name        Object

    0x08000000   0x08000000   0x000000ec   Data   RO          333    RESET               startup_stm32f10x_md.o
    0x080000ec   0x080000ec   0x00000008   Code   RO         5182  * !!!main             c_w.l(__main.o)
    0x080000f4   0x080000f4   0x00000034   Code   RO         5385    !!!scatter          c_w.l(__scatter.o)
    0x08000128   0x08000128   0x0000001a   Code   RO         5387    !!handler_copy      c_w.l(__scatter_copy.o)
    0x08000142   0x08000142   0x00000002   PAD
    0x08000144   0x08000144   0x0000001c   Code   RO         5389    !!handler_zi        c_w.l(__scatter_zi.o)
    0x08000160   0x08000160   0x00000000   Code   RO         5163    .ARM.Collect$$_printf_percent$$00000000  c_w.l(_printf_percent.o)
    0x08000160   0x08000160   0x00000006   Code   RO         5161    .ARM.Collect$$_printf_percent$$00000009  c_w.l(_printf_d.o)
    0x08000166   0x08000166   0x00000006   Code   RO         5162    .ARM.Collect$$_printf_percent$$0000000A  c_w.l(_printf_u.o)
    0x0800016c   0x0800016c   0x00000006   Code   RO         5159    .ARM.Collect$$_printf_percent$$00000013  c_w.l(_printf_c.o)
    0x08000172   0x08000172   0x00000006   Code   RO         5160    .ARM.Collect$$_printf_percent$$00000014  c_w.l(_printf_s.o)
    0x08000178   0x08000178   0x00000004   Code   RO         5204    .ARM.Collect$$_printf_percent$$00000017  c_w.l(_printf_percent_end.o)
    0x0800017c   0x0800017c   0x00000002   Code   RO         5260    .ARM.Collect$$libinit$$00000000  c_w.l(libinit.o)
    0x0800017e   0x0800017e   0x00000000   Code   RO         5266    .ARM.Collect$$libinit$$00000002  c_w.l(libinit2.o)
    0x0800017e   0x0800017e   0x00000000   Code   RO         5268    .ARM.Collect$$libinit$$00000004  c_w.l(libinit2.o)
    0x0800017e   0x0800017e   0x00000000   Code   RO         5271    .ARM.Collect$$libinit$$0000000A  c_w.l(libinit2.o)
    0x0800017e   0x0800017e   0x00000000   Code   RO         5273    .ARM.Collect$$libinit$$0000000C  c_w.l(libinit2.o)
    0x0800017e   0x0800017e   0x00000000   Code   RO         5275    .ARM.Collect$$libinit$$0000000E  c_w.l(libinit2.o)
    0x0800017e   0x0800017e   0x00000006   Code   RO         5276    .ARM.Collect$$libinit$$0000000F  c_w.l(libinit2.o)
    0x08000184   0x08000184   0x00000000   Code   RO         5278    .ARM.Collect$$libinit$$00000011  c_w.l(libinit2.o)
    0x08000184   0x08000184   0x0000000c   Code   RO         5279    .ARM.Collect$$libinit$$00000012  c_w.l(libinit2.o)
    0x08000190   0x08000190   0x00000000   Code   RO         5280    .ARM.Collect$$libinit$$00000013  c_w.l(libinit2.o)
    0x08000190   0x08000190   0x00000000   Code   RO         5282    .ARM.Collect$$libinit$$00000015  c_w.l(libinit2.o)
    0x08000190   0x08000190   0x00000000   Code   RO         5284    .ARM.Collect$$libinit$$00000017  c_w.l(libinit2.o)
    0x08000190   0x08000190   0x00000000   Code   RO         5286    .ARM.Collect$$libinit$$00000019  c_w.l(libinit2.o)
    0x08000190   0x08000190   0x00000000   Code   RO         5288    .ARM.Collect$$libinit$$0000001B  c_w.l(libinit2.o)
    0x08000190   0x08000190   0x00000000   Code   RO         5290    .ARM.Collect$$libinit$$0000001D  c_w.l(libinit2.o)
    0x08000190   0x08000190   0x00000000   Code   RO         5292    .ARM.Collect$$libinit$$0000001F  c_w.l(libinit2.o)
    0x08000190   0x08000190   0x00000000   Code   RO         5294    .ARM.Collect$$libinit$$00000021  c_w.l(libinit2.o)
    0x08000190   0x08000190   0x00000000   Code   RO         5296    .ARM.Collect$$libinit$$00000023  c_w.l(libinit2.o)
    0x08000190   0x08000190   0x00000000   Code   RO         5298    .ARM.Collect$$libinit$$00000025  c_w.l(libinit2.o)
    0x08000190   0x08000190   0x00000000   Code   RO         5302    .ARM.Collect$$libinit$$0000002C  c_w.l(libinit2.o)
    0x08000190   0x08000190   0x00000000   Code   RO         5304    .ARM.Collect$$libinit$$0000002E  c_w.l(libinit2.o)
    0x08000190   0x08000190   0x00000000   Code   RO         5306    .ARM.Collect$$libinit$$00000030  c_w.l(libinit2.o)
    0x08000190   0x08000190   0x00000000   Code   RO         5308    .ARM.Collect$$libinit$$00000032  c_w.l(libinit2.o)
    0x08000190   0x08000190   0x00000002   Code   RO         5309    .ARM.Collect$$libinit$$00000033  c_w.l(libinit2.o)
    0x08000192   0x08000192   0x00000002   Code   RO         5327    .ARM.Collect$$libshutdown$$00000000  c_w.l(libshutdown.o)
    0x08000194   0x08000194   0x00000000   Code   RO         5337    .ARM.Collect$$libshutdown$$00000002  c_w.l(libshutdown2.o)
    0x08000194   0x08000194   0x00000000   Code   RO         5339    .ARM.Collect$$libshutdown$$00000004  c_w.l(libshutdown2.o)
    0x08000194   0x08000194   0x00000000   Code   RO         5342    .ARM.Collect$$libshutdown$$00000007  c_w.l(libshutdown2.o)
    0x08000194   0x08000194   0x00000000   Code   RO         5345    .ARM.Collect$$libshutdown$$0000000A  c_w.l(libshutdown2.o)
    0x08000194   0x08000194   0x00000000   Code   RO         5347    .ARM.Collect$$libshutdown$$0000000C  c_w.l(libshutdown2.o)
    0x08000194   0x08000194   0x00000000   Code   RO         5350    .ARM.Collect$$libshutdown$$0000000F  c_w.l(libshutdown2.o)
    0x08000194   0x08000194   0x00000002   Code   RO         5351    .ARM.Collect$$libshutdown$$00000010  c_w.l(libshutdown2.o)
    0x08000196   0x08000196   0x00000000   Code   RO         5186    .ARM.Collect$$rtentry$$00000000  c_w.l(__rtentry.o)
    0x08000196   0x08000196   0x00000000   Code   RO         5215    .ARM.Collect$$rtentry$$00000002  c_w.l(__rtentry2.o)
    0x08000196   0x08000196   0x00000006   Code   RO         5227    .ARM.Collect$$rtentry$$00000004  c_w.l(__rtentry4.o)
    0x0800019c   0x0800019c   0x00000000   Code   RO         5217    .ARM.Collect$$rtentry$$00000009  c_w.l(__rtentry2.o)
    0x0800019c   0x0800019c   0x00000004   Code   RO         5218    .ARM.Collect$$rtentry$$0000000A  c_w.l(__rtentry2.o)
    0x080001a0   0x080001a0   0x00000000   Code   RO         5220    .ARM.Collect$$rtentry$$0000000C  c_w.l(__rtentry2.o)
    0x080001a0   0x080001a0   0x00000008   Code   RO         5221    .ARM.Collect$$rtentry$$0000000D  c_w.l(__rtentry2.o)
    0x080001a8   0x080001a8   0x00000002   Code   RO         5261    .ARM.Collect$$rtexit$$00000000  c_w.l(rtexit.o)
    0x080001aa   0x080001aa   0x00000000   Code   RO         5311    .ARM.Collect$$rtexit$$00000002  c_w.l(rtexit2.o)
    0x080001aa   0x080001aa   0x00000004   Code   RO         5312    .ARM.Collect$$rtexit$$00000003  c_w.l(rtexit2.o)
    0x080001ae   0x080001ae   0x00000006   Code   RO         5313    .ARM.Collect$$rtexit$$00000004  c_w.l(rtexit2.o)
    0x080001b4   0x080001b4   0x00000096   Code   RO         3367    .emb_text           port.o
    0x0800024a   0x0800024a   0x00000002   PAD
    0x0800024c   0x0800024c   0x00000040   Code   RO          334    .text               startup_stm32f10x_md.o
    0x0800028c   0x0800028c   0x00000002   Code   RO         5121    .text               c_w.l(use_no_semi_2.o)
    0x0800028e   0x0800028e   0x00000002   PAD
    0x08000290   0x08000290   0x00000018   Code   RO         5127    .text               c_w.l(noretval__2printf.o)
    0x080002a8   0x080002a8   0x00000028   Code   RO         5129    .text               c_w.l(noretval__2sprintf.o)
    0x080002d0   0x080002d0   0x00000052   Code   RO         5135    .text               c_w.l(_printf_str.o)
    0x08000322   0x08000322   0x00000002   PAD
    0x08000324   0x08000324   0x00000078   Code   RO         5137    .text               c_w.l(_printf_dec.o)
    0x0800039c   0x0800039c   0x00000188   Code   RO         5156    .text               c_w.l(__printf_flags_ss_wp.o)
    0x08000524   0x08000524   0x0000001a   Code   RO         5164    .text               c_w.l(atoi.o)
    0x0800053e   0x0800053e   0x00000048   Code   RO         5166    .text               c_w.l(strcpy.o)
    0x08000586   0x08000586   0x00000032   Code   RO         5168    .text               c_w.l(strncasecmp.o)
    0x080005b8   0x080005b8   0x0000003e   Code   RO         5170    .text               c_w.l(strlen.o)
    0x080005f6   0x080005f6   0x00000018   Code   RO         5172    .text               c_w.l(strcat.o)
    0x0800060e   0x0800060e   0x0000008a   Code   RO         5174    .text               c_w.l(rt_memcpy_v6.o)
    0x08000698   0x08000698   0x00000010   Code   RO         5176    .text               c_w.l(aeabi_memset.o)
    0x080006a8   0x080006a8   0x00000056   Code   RO         5178    .text               c_w.l(strncpy.o)
    0x080006fe   0x080006fe   0x00000006   Code   RO         5180    .text               c_w.l(heapauxi.o)
    0x08000704   0x08000704   0x00000002   Code   RO         5184    .text               c_w.l(use_no_semi.o)
    0x08000706   0x08000706   0x00000002   PAD
    0x08000708   0x08000708   0x00000008   Code   RO         5190    .text               c_w.l(rt_errno_addr_intlibspace.o)
    0x08000710   0x08000710   0x0000001a   Code   RO         5192    .text               c_w.l(tolower.o)
    0x0800072a   0x0800072a   0x000000b2   Code   RO         5194    .text               c_w.l(_printf_intcommon.o)
    0x080007dc   0x080007dc   0x00000030   Code   RO         5196    .text               c_w.l(_printf_char_common.o)
    0x0800080c   0x0800080c   0x0000000a   Code   RO         5198    .text               c_w.l(_sputc.o)
    0x08000816   0x08000816   0x0000002c   Code   RO         5200    .text               c_w.l(_printf_char.o)
    0x08000842   0x08000842   0x00000002   PAD
    0x08000844   0x08000844   0x00000024   Code   RO         5202    .text               c_w.l(_printf_char_file.o)
    0x08000868   0x08000868   0x00000070   Code   RO         5205    .text               c_w.l(strtol.o)
    0x080008d8   0x080008d8   0x00000064   Code   RO         5207    .text               c_w.l(rt_memcpy_w.o)
    0x0800093c   0x0800093c   0x00000044   Code   RO         5209    .text               c_w.l(rt_memclr.o)
    0x08000980   0x08000980   0x00000008   Code   RO         5211    .text               c_w.l(libspace.o)
    0x08000988   0x08000988   0x00000010   Code   RO         5229    .text               c_w.l(rt_ctype_table.o)
    0x08000998   0x08000998   0x0000009e   Code   RO         5233    .text               c_w.l(_strtoul.o)
    0x08000a36   0x08000a36   0x00000008   Code   RO         5235    .text               c_w.l(ferror.o)
    0x08000a3e   0x08000a3e   0x0000004e   Code   RO         5239    .text               c_w.l(rt_memclr_w.o)
    0x08000a8c   0x08000a8c   0x0000004a   Code   RO         5241    .text               c_w.l(sys_stackheap_outer.o)
    0x08000ad6   0x08000ad6   0x00000002   PAD
    0x08000ad8   0x08000ad8   0x00000008   Code   RO         5246    .text               c_w.l(rt_locale_intlibspace.o)
    0x08000ae0   0x08000ae0   0x0000001c   Code   RO         5248    .text               c_w.l(_chval.o)
    0x08000afc   0x08000afc   0x00000012   Code   RO         5253    .text               c_w.l(exit.o)
    0x08000b0e   0x08000b0e   0x00000002   PAD
    0x08000b10   0x08000b10   0x00000080   Code   RO         5263    .text               c_w.l(strcmpv7m.o)
    0x08000b90   0x08000b90   0x00000004   Code   RO          215    i.BusFault_Handler  stm32f10x_it.o
    0x08000b94   0x08000b94   0x00000050   Code   RO         4326    i.DMA1_Channel2_IRQHandler  usart3.o
    0x08000be4   0x08000be4   0x00000054   Code   RO         4327    i.DMA1_Channel3_IRQHandler  usart3.o
    0x08000c38   0x08000c38   0x00000058   Code   RO         4400    i.DMA1_Channel4_IRQHandler  usart1.o
    0x08000c90   0x08000c90   0x00000054   Code   RO         4401    i.DMA1_Channel5_IRQHandler  usart1.o
    0x08000ce4   0x08000ce4   0x00000054   Code   RO         4460    i.DMA1_Channel6_IRQHandler  usart2.o
    0x08000d38   0x08000d38   0x00000064   Code   RO         4461    i.DMA1_Channel7_IRQHandler  usart2.o
    0x08000d9c   0x08000d9c   0x0000001c   Code   RO         1291    i.DMA_ClearFlag     stm32f10x_dma.o
    0x08000db8   0x08000db8   0x0000001c   Code   RO         1292    i.DMA_ClearITPendingBit  stm32f10x_dma.o
    0x08000dd4   0x08000dd4   0x00000018   Code   RO         1293    i.DMA_Cmd           stm32f10x_dma.o
    0x08000dec   0x08000dec   0x0000014c   Code   RO         1294    i.DMA_DeInit        stm32f10x_dma.o
    0x08000f38   0x08000f38   0x00000008   Code   RO         1295    i.DMA_GetCurrDataCounter  stm32f10x_dma.o
    0x08000f40   0x08000f40   0x0000002c   Code   RO         1297    i.DMA_GetITStatus   stm32f10x_dma.o
    0x08000f6c   0x08000f6c   0x00000012   Code   RO         1298    i.DMA_ITConfig      stm32f10x_dma.o
    0x08000f7e   0x08000f7e   0x0000003c   Code   RO         1299    i.DMA_Init          stm32f10x_dma.o
    0x08000fba   0x08000fba   0x00000002   Code   RO          216    i.DebugMon_Handler  stm32f10x_it.o
    0x08000fbc   0x08000fbc   0x0000000c   Code   RO          961    i.FLASH_ClearFlag   stm32f10x_flash.o
    0x08000fc8   0x08000fc8   0x0000004c   Code   RO          966    i.FLASH_ErasePage   stm32f10x_flash.o
    0x08001014   0x08001014   0x00000034   Code   RO          967    i.FLASH_GetBank1Status  stm32f10x_flash.o
    0x08001048   0x08001048   0x00000018   Code   RO          970    i.FLASH_GetReadOutProtectionStatus  stm32f10x_flash.o
    0x08001060   0x08001060   0x00000014   Code   RO          976    i.FLASH_Lock        stm32f10x_flash.o
    0x08001074   0x08001074   0x00000040   Code   RO          979    i.FLASH_ProgramHalfWord  stm32f10x_flash.o
    0x080010b4   0x080010b4   0x0000006c   Code   RO          981    i.FLASH_ProgramWord  stm32f10x_flash.o
    0x08001120   0x08001120   0x000000ac   Code   RO          982    i.FLASH_ReadOutProtection  stm32f10x_flash.o
    0x080011cc   0x080011cc   0x00000018   Code   RO          984    i.FLASH_Unlock      stm32f10x_flash.o
    0x080011e4   0x080011e4   0x00000026   Code   RO          988    i.FLASH_WaitForLastOperation  stm32f10x_flash.o
    0x0800120a   0x0800120a   0x00000018   Code   RO         5102    i.Flash_EnableReadProtection  protect.o
    0x08001222   0x08001222   0x00000116   Code   RO         1489    i.GPIO_Init         stm32f10x_gpio.o
    0x08001338   0x08001338   0x00000004   Code   RO         1496    i.GPIO_ResetBits    stm32f10x_gpio.o
    0x0800133c   0x0800133c   0x00000004   Code   RO          217    i.HardFault_Handler  stm32f10x_it.o
    0x08001340   0x08001340   0x00000004   Code   RO          218    i.MemManage_Handler  stm32f10x_it.o
    0x08001344   0x08001344   0x00000002   Code   RO          219    i.NMI_Handler       stm32f10x_it.o
    0x08001346   0x08001346   0x00000002   PAD
    0x08001348   0x08001348   0x00000070   Code   RO          338    i.NVIC_Init         misc.o
    0x080013b8   0x080013b8   0x00000014   Code   RO          339    i.NVIC_PriorityGroupConfig  misc.o
    0x080013cc   0x080013cc   0x00000020   Code   RO         1904    i.RCC_AHBPeriphClockCmd  stm32f10x_rcc.o
    0x080013ec   0x080013ec   0x00000020   Code   RO         1905    i.RCC_APB1PeriphClockCmd  stm32f10x_rcc.o
    0x0800140c   0x0800140c   0x00000020   Code   RO         1906    i.RCC_APB1PeriphResetCmd  stm32f10x_rcc.o
    0x0800142c   0x0800142c   0x00000020   Code   RO         1907    i.RCC_APB2PeriphClockCmd  stm32f10x_rcc.o
    0x0800144c   0x0800144c   0x00000020   Code   RO         1908    i.RCC_APB2PeriphResetCmd  stm32f10x_rcc.o
    0x0800146c   0x0800146c   0x000000d4   Code   RO         1915    i.RCC_GetClocksFreq  stm32f10x_rcc.o
    0x08001540   0x08001540   0x00000008   Code   RO          286    i.SetSysClock       system_stm32f10x.o
    0x08001548   0x08001548   0x000000e0   Code   RO          287    i.SetSysClockTo72   system_stm32f10x.o
    0x08001628   0x08001628   0x00000028   Code   RO          342    i.SysTick_CLKSourceConfig  misc.o
    0x08001650   0x08001650   0x00000010   Code   RO         4516    i.SysTick_Handler   delay.o
    0x08001660   0x08001660   0x00000060   Code   RO          289    i.SystemInit        system_stm32f10x.o
    0x080016c0   0x080016c0   0x00000130   Code   RO         4402    i.USART1_IRQHandler  usart1.o
    0x080017f0   0x080017f0   0x00000124   Code   RO         4462    i.USART2_IRQHandler  usart2.o
    0x08001914   0x08001914   0x000000f0   Code   RO         4328    i.USART3_IRQHandler  usart3.o
    0x08001a04   0x08001a04   0x00000012   Code   RO         3071    i.USART_ClearFlag   stm32f10x_usart.o
    0x08001a16   0x08001a16   0x0000001e   Code   RO         3072    i.USART_ClearITPendingBit  stm32f10x_usart.o
    0x08001a34   0x08001a34   0x00000018   Code   RO         3075    i.USART_Cmd         stm32f10x_usart.o
    0x08001a4c   0x08001a4c   0x00000012   Code   RO         3076    i.USART_DMACmd      stm32f10x_usart.o
    0x08001a5e   0x08001a5e   0x00000002   PAD
    0x08001a60   0x08001a60   0x0000009c   Code   RO         3077    i.USART_DeInit      stm32f10x_usart.o
    0x08001afc   0x08001afc   0x00000054   Code   RO         3079    i.USART_GetITStatus  stm32f10x_usart.o
    0x08001b50   0x08001b50   0x0000004a   Code   RO         3081    i.USART_ITConfig    stm32f10x_usart.o
    0x08001b9a   0x08001b9a   0x00000002   PAD
    0x08001b9c   0x08001b9c   0x000000d8   Code   RO         3082    i.USART_Init        stm32f10x_usart.o
    0x08001c74   0x08001c74   0x0000000a   Code   RO         3089    i.USART_ReceiveData  stm32f10x_usart.o
    0x08001c7e   0x08001c7e   0x00000004   Code   RO          220    i.UsageFault_Handler  stm32f10x_it.o
    0x08001c82   0x08001c82   0x0000000e   Code   RO         5149    i._is_digit         c_w.l(__printf_wp.o)
    0x08001c90   0x08001c90   0x00000004   Code   RO         4329    i._sys_exit         usart3.o
    0x08001c94   0x08001c94   0x0000004c   Code   RO         4769    i.c4g_active_context  ec20.o
    0x08001ce0   0x08001ce0   0x000000a4   Code   RO         4771    i.c4g_check_Operater  ec20.o
    0x08001d84   0x08001d84   0x000000a0   Code   RO         4772    i.c4g_chk_context   ec20.o
    0x08001e24   0x08001e24   0x00000044   Code   RO         4774    i.c4g_chk_signal    ec20.o
    0x08001e68   0x08001e68   0x00000058   Code   RO         4775    i.c4g_chk_sim       ec20.o
    0x08001ec0   0x08001ec0   0x000001e0   Code   RO         4776    i.c4g_chk_tcp       ec20.o
    0x080020a0   0x080020a0   0x00000048   Code   RO         4777    i.c4g_close_cmd_echo  ec20.o
    0x080020e8   0x080020e8   0x00000048   Code   RO         4778    i.c4g_close_tcp     ec20.o
    0x08002130   0x08002130   0x000000fc   Code   RO         4779    i.c4g_creat_tcp     ec20.o
    0x0800222c   0x0800222c   0x0000004c   Code   RO         4780    i.c4g_deactive_context  ec20.o
    0x08002278   0x08002278   0x000000d4   Code   RO         4784    i.c4g_net_reg       ec20.o
    0x0800234c   0x0800234c   0x00000024   Code   RO         4786    i.c4g_power_on      ec20.o
    0x08002370   0x08002370   0x0000002c   Code   RO         4787    i.c4g_power_reset   ec20.o
    0x0800239c   0x0800239c   0x00000090   Code   RO         4788    i.c4g_set_point     ec20.o
    0x0800242c   0x0800242c   0x000000d4   Code   RO         4789    i.c4g_sim_reg       ec20.o
    0x08002500   0x08002500   0x00000040   Code   RO         4790    i.callback_ec20_cmd  ec20.o
    0x08002540   0x08002540   0x00000064   Code   RO         4791    i.callback_ec20_deault  ec20.o
    0x080025a4   0x080025a4   0x0000005c   Code   RO         4517    i.delay_init        delay.o
    0x08002600   0x08002600   0x00000070   Code   RO         4330    i.dma_recv_config   usart3.o
    0x08002670   0x08002670   0x00000078   Code   RO         4403    i.dma_recv_config   usart1.o
    0x080026e8   0x080026e8   0x00000078   Code   RO         4463    i.dma_recv_config   usart2.o
    0x08002760   0x08002760   0x00000088   Code   RO         4331    i.dma_send_config   usart3.o
    0x080027e8   0x080027e8   0x00000094   Code   RO         4404    i.dma_send_config   usart1.o
    0x0800287c   0x0800287c   0x000000dc   Code   RO         4464    i.dma_send_config   usart2.o
    0x08002958   0x08002958   0x000000a0   Code   RO         3822    i.eTaskGetState     tasks.o
    0x080029f8   0x080029f8   0x00000728   Code   RO         4793    i.ec20_recv_task    ec20.o
    0x08003120   0x08003120   0x0000006c   Code   RO         4582    i.ec20_rx           msg.o
    0x0800318c   0x0800318c   0x0000000a   Code   RO            1    i.ec20_task         main.o
    0x08003196   0x08003196   0x00000002   PAD
    0x08003198   0x08003198   0x0000001c   Code   RO         4332    i.fputc             usart3.o
    0x080031b4   0x080031b4   0x00000024   Code   RO         4974    i.get_flash_flag    user_set.o
    0x080031d8   0x080031d8   0x00000030   Code   RO         4975    i.get_idle_time     user_set.o
    0x08003208   0x08003208   0x00000024   Code   RO         4976    i.get_max_data      user_set.o
    0x0800322c   0x0800322c   0x00000064   Code   RO         4977    i.get_socket_ip     user_set.o
    0x08003290   0x08003290   0x00000024   Code   RO         4978    i.get_socket_port   user_set.o
    0x080032b4   0x080032b4   0x00000030   Code   RO         4979    i.get_user_baud     user_set.o
    0x080032e4   0x080032e4   0x0000001c   Code   RO         4583    i.getting_queue_ec20_cmd  msg.o
    0x08003300   0x08003300   0x0000001c   Code   RO         4584    i.getting_queue_ec20_remote  msg.o
    0x0800331c   0x0800331c   0x0000001c   Code   RO         4585    i.getting_queue_set_cmd  msg.o
    0x08003338   0x08003338   0x0000001c   Code   RO         4586    i.getting_queue_stm32  msg.o
    0x08003354   0x08003354   0x00000108   Code   RO         4744    i.global_init       global.o
    0x0800345c   0x0800345c   0x00000068   Code   RO         4314    i.gpio_init         osc_gpio.o
    0x080034c4   0x080034c4   0x00000040   Code   RO            3    i.main              main.o
    0x08003504   0x08003504   0x00000014   Code   RO         4587    i.msg_free          msg.o
    0x08003518   0x08003518   0x00000020   Code   RO         4588    i.msg_init          msg.o
    0x08003538   0x08003538   0x00000090   Code   RO         4589    i.msg_mallco        msg.o
    0x080035c8   0x080035c8   0x00000098   Code   RO         3824    i.prvAddCurrentTaskToDelayedList  tasks.o
    0x08003660   0x08003660   0x000000b8   Code   RO         3825    i.prvAddNewTaskToReadyList  tasks.o
    0x08003718   0x08003718   0x00000064   Code   RO         4184    i.prvCheckForValidListAndQueue  timers.o
    0x0800377c   0x0800377c   0x00000064   Code   RO         3826    i.prvCheckTasksWaitingTermination  tasks.o
    0x080037e0   0x080037e0   0x0000002a   Code   RO         3591    i.prvCopyDataFromQueue  queue.o
    0x0800380a   0x0800380a   0x0000007c   Code   RO         3592    i.prvCopyDataToQueue  queue.o
    0x08003886   0x08003886   0x00000012   Code   RO         3827    i.prvDeleteTCB      tasks.o
    0x08003898   0x08003898   0x00000028   Code   RO         4185    i.prvGetNextExpireTime  timers.o
    0x080038c0   0x080038c0   0x0000007c   Code   RO         3305    i.prvHeapInit       heap_4.o
    0x0800393c   0x0800393c   0x00000028   Code   RO         3828    i.prvIdleTask       tasks.o
    0x08003964   0x08003964   0x0000002e   Code   RO         3594    i.prvInitialiseNewQueue  queue.o
    0x08003992   0x08003992   0x00000002   PAD
    0x08003994   0x08003994   0x000000d0   Code   RO         3829    i.prvInitialiseNewTask  tasks.o
    0x08003a64   0x08003a64   0x00000068   Code   RO         3830    i.prvInitialiseTaskLists  tasks.o
    0x08003acc   0x08003acc   0x00000068   Code   RO         3306    i.prvInsertBlockIntoFreeList  heap_4.o
    0x08003b34   0x08003b34   0x00000058   Code   RO         4187    i.prvInsertTimerInActiveList  timers.o
    0x08003b8c   0x08003b8c   0x0000001a   Code   RO         3595    i.prvIsQueueEmpty   queue.o
    0x08003ba6   0x08003ba6   0x0000001e   Code   RO         3596    i.prvIsQueueFull    queue.o
    0x08003bc4   0x08003bc4   0x0000006a   Code   RO         3831    i.prvListTasksWithinSingleList  tasks.o
    0x08003c2e   0x08003c2e   0x00000002   PAD
    0x08003c30   0x08003c30   0x000000a0   Code   RO         3597    i.prvNotifyQueueSetContainer  queue.o
    0x08003cd0   0x08003cd0   0x00000080   Code   RO         4188    i.prvProcessExpiredTimer  timers.o
    0x08003d50   0x08003d50   0x0000012c   Code   RO         4189    i.prvProcessReceivedCommands  timers.o
    0x08003e7c   0x08003e7c   0x00000074   Code   RO         4190    i.prvProcessTimerOrBlockTask  timers.o
    0x08003ef0   0x08003ef0   0x00000034   Code   RO         3832    i.prvResetNextTaskUnblockTime  tasks.o
    0x08003f24   0x08003f24   0x0000002c   Code   RO         4191    i.prvSampleTimeNow  timers.o
    0x08003f50   0x08003f50   0x000000bc   Code   RO         4192    i.prvSwitchTimerLists  timers.o
    0x0800400c   0x0800400c   0x00000016   Code   RO         3833    i.prvTaskCheckFreeStackSpace  tasks.o
    0x08004022   0x08004022   0x00000002   PAD
    0x08004024   0x08004024   0x00000070   Code   RO         3368    i.prvTaskExitError  port.o
    0x08004094   0x08004094   0x0000001a   Code   RO         4193    i.prvTimerTask      timers.o
    0x080040ae   0x080040ae   0x00000092   Code   RO         3598    i.prvUnlockQueue    queue.o
    0x08004140   0x08004140   0x0000002a   Code   RO         3835    i.prvWriteNameToBuffer  tasks.o
    0x0800416a   0x0800416a   0x00000002   PAD
    0x0800416c   0x0800416c   0x00000154   Code   RO         3307    i.pvPortMalloc      heap_4.o
    0x080042c0   0x080042c0   0x00000020   Code   RO         3836    i.pvTaskIncrementMutexHeldCount  tasks.o
    0x080042e0   0x080042e0   0x00000024   Code   RO         3369    i.pxPortInitialiseStack  port.o
    0x08004304   0x08004304   0x00000064   Code   RO         4795    i.query_sended_result  ec20.o
    0x08004368   0x08004368   0x00000020   Code   RO         4590    i.queue_init_ec20_cmd  msg.o
    0x08004388   0x08004388   0x00000020   Code   RO         4591    i.queue_init_ec20_remote  msg.o
    0x080043a8   0x080043a8   0x00000018   Code   RO         4592    i.queue_init_set_cmd  msg.o
    0x080043c0   0x080043c0   0x00000020   Code   RO         4593    i.queue_init_stm32_user  msg.o
    0x080043e0   0x080043e0   0x00000044   Code   RO         4981    i.reset_user_set    user_set.o
    0x08004424   0x08004424   0x00000018   Code   RO         4594    i.sem_ec20_cmd_get  msg.o
    0x0800443c   0x0800443c   0x00000014   Code   RO         4595    i.sem_ec20_recv_send_isr  msg.o
    0x08004450   0x08004450   0x00000018   Code   RO         4596    i.sem_init_ec20_md  msg.o
    0x08004468   0x08004468   0x00000018   Code   RO         4597    i.sem_init_user_sended  msg.o
    0x08004480   0x08004480   0x00000078   Code   RO         4796    i.send_commucation_head  ec20.o
    0x080044f8   0x080044f8   0x000000d8   Code   RO         4797    i.send_to_stm32     ec20.o
    0x080045d0   0x080045d0   0x0000000a   Code   RO         4798    i.send_to_stm32_callback  ec20.o
    0x080045da   0x080045da   0x00000002   PAD
    0x080045dc   0x080045dc   0x00000034   Code   RO         4799    i.sended_result     ec20.o
    0x08004610   0x08004610   0x00000050   Code   RO         4601    i.sending_queue_ec20_cmd  msg.o
    0x08004660   0x08004660   0x00000050   Code   RO         4602    i.sending_queue_ec20_remote  msg.o
    0x080046b0   0x080046b0   0x00000050   Code   RO         4603    i.sending_queue_set_cmd  msg.o
    0x08004700   0x08004700   0x00000050   Code   RO         4604    i.sending_queue_stm32  msg.o
    0x08004750   0x08004750   0x00000058   Code   RO         4982    i.set_cmd_callback  user_set.o
    0x080047a8   0x080047a8   0x000000a8   Code   RO         4983    i.set_flash_flag    user_set.o
    0x08004850   0x08004850   0x000000bc   Code   RO         4984    i.set_idle_time     user_set.o
    0x0800490c   0x0800490c   0x000000b4   Code   RO         4985    i.set_max_data      user_set.o
    0x080049c0   0x080049c0   0x00000604   Code   RO         4986    i.set_param_task    user_set.o
    0x08004fc4   0x08004fc4   0x00000124   Code   RO         4987    i.set_socket_ip     user_set.o
    0x080050e8   0x080050e8   0x000000b0   Code   RO         4988    i.set_socket_port   user_set.o
    0x08005198   0x08005198   0x0000000a   Code   RO            4    i.set_task          main.o
    0x080051a2   0x080051a2   0x00000002   PAD
    0x080051a4   0x080051a4   0x000000d8   Code   RO         4989    i.set_user_baud     user_set.o
    0x0800527c   0x0800527c   0x000000c0   Code   RO            5    i.start_task        main.o
    0x0800533c   0x0800533c   0x00000012   Code   RO         4956    i.stm32_recv_callback  stm32_task.o
    0x0800534e   0x0800534e   0x00000002   PAD
    0x08005350   0x08005350   0x00000184   Code   RO         4957    i.stm32_recv_task   stm32_task.o
    0x080054d4   0x080054d4   0x0000006c   Code   RO         4605    i.stm32_rx          msg.o
    0x08005540   0x08005540   0x0000000a   Code   RO            6    i.stm32_task        main.o
    0x0800554a   0x0800554a   0x00000002   PAD
    0x0800554c   0x0800554c   0x000000d4   Code   RO         4405    i.uart1_config      usart1.o
    0x08005620   0x08005620   0x00000024   Code   RO         4406    i.uart1_init        usart1.o
    0x08005644   0x08005644   0x00000048   Code   RO         4407    i.uart1_send        usart1.o
    0x0800568c   0x0800568c   0x000000d4   Code   RO         4465    i.uart2_config      usart2.o
    0x08005760   0x08005760   0x00000014   Code   RO         4466    i.uart2_init        usart2.o
    0x08005774   0x08005774   0x00000050   Code   RO         4467    i.uart2_send        usart2.o
    0x080057c4   0x080057c4   0x000000a8   Code   RO         4333    i.uart3_config      usart3.o
    0x0800586c   0x0800586c   0x00000024   Code   RO         4334    i.uart3_init        usart3.o
    0x08005890   0x08005890   0x00000014   Code   RO         4606    i.user_sended_free_isr  msg.o
    0x080058a4   0x080058a4   0x00000018   Code   RO         4607    i.user_sended_get   msg.o
    0x080058bc   0x080058bc   0x00000028   Code   RO         3554    i.uxListRemove      list.o
    0x080058e4   0x080058e4   0x000000b0   Code   RO         3839    i.uxTaskGetSystemState  tasks.o
    0x08005994   0x08005994   0x0000001a   Code   RO         3555    i.vListInitialise   list.o
    0x080059ae   0x080059ae   0x00000006   Code   RO         3556    i.vListInitialiseItem  list.o
    0x080059b4   0x080059b4   0x00000034   Code   RO         3557    i.vListInsert       list.o
    0x080059e8   0x080059e8   0x00000018   Code   RO         3558    i.vListInsertEnd    list.o
    0x08005a00   0x08005a00   0x00000088   Code   RO         3371    i.vPortEnterCritical  port.o
    0x08005a88   0x08005a88   0x00000070   Code   RO         3372    i.vPortExitCritical  port.o
    0x08005af8   0x08005af8   0x000000b8   Code   RO         3308    i.vPortFree         heap_4.o
    0x08005bb0   0x08005bb0   0x00000020   Code   RO         3373    i.vPortSetupTimerInterrupt  port.o
    0x08005bd0   0x08005bd0   0x000000a0   Code   RO         3374    i.vPortValidateInterruptPriority  port.o
    0x08005c70   0x08005c70   0x0000002c   Code   RO         3604    i.vQueueAddToRegistry  queue.o
    0x08005c9c   0x08005c9c   0x0000004a   Code   RO         3608    i.vQueueWaitForMessageRestricted  queue.o
    0x08005ce6   0x08005ce6   0x00000002   PAD
    0x08005ce8   0x08005ce8   0x00000074   Code   RO         3844    i.vTaskDelay        tasks.o
    0x08005d5c   0x08005d5c   0x0000010c   Code   RO         3846    i.vTaskDelete       tasks.o
    0x08005e68   0x08005e68   0x00000078   Code   RO         3848    i.vTaskGetInfo      tasks.o
    0x08005ee0   0x08005ee0   0x000000e0   Code   RO         3849    i.vTaskList         tasks.o
    0x08005fc0   0x08005fc0   0x0000000c   Code   RO         3850    i.vTaskMissedYield  tasks.o
    0x08005fcc   0x08005fcc   0x00000054   Code   RO         3852    i.vTaskPlaceOnEventList  tasks.o
    0x08006020   0x08006020   0x0000005c   Code   RO         3853    i.vTaskPlaceOnEventListRestricted  tasks.o
    0x0800607c   0x0800607c   0x000000b0   Code   RO         3855    i.vTaskPriorityInherit  tasks.o
    0x0800612c   0x0800612c   0x0000004c   Code   RO         3859    i.vTaskSetTimeOutState  tasks.o
    0x08006178   0x08006178   0x000000ac   Code   RO         3860    i.vTaskStartScheduler  tasks.o
    0x08006224   0x08006224   0x00000010   Code   RO         3862    i.vTaskSuspendAll   tasks.o
    0x08006234   0x08006234   0x000000a8   Code   RO         3863    i.vTaskSwitchContext  tasks.o
    0x080062dc   0x080062dc   0x0000000c   Code   RO         3310    i.xPortGetFreeHeapSize  heap_4.o
    0x080062e8   0x080062e8   0x0000000c   Code   RO         3311    i.xPortGetMinimumEverFreeHeapSize  heap_4.o
    0x080062f4   0x080062f4   0x000000a0   Code   RO         3375    i.xPortStartScheduler  port.o
    0x08006394   0x08006394   0x00000034   Code   RO         3376    i.xPortSysTickHandler  port.o
    0x080063c8   0x080063c8   0x00000074   Code   RO         3613    i.xQueueGenericCreate  queue.o
    0x0800643c   0x0800643c   0x000001c8   Code   RO         3614    i.xQueueGenericReceive  queue.o
    0x08006604   0x08006604   0x000000b0   Code   RO         3615    i.xQueueGenericReset  queue.o
    0x080066b4   0x080066b4   0x000001c4   Code   RO         3616    i.xQueueGenericSend  queue.o
    0x08006878   0x08006878   0x00000110   Code   RO         3617    i.xQueueGenericSendFromISR  queue.o
    0x08006988   0x08006988   0x000000fc   Code   RO         3618    i.xQueueGiveFromISR  queue.o
    0x08006a84   0x08006a84   0x000000a0   Code   RO         3864    i.xTaskCheckForTimeOut  tasks.o
    0x08006b24   0x08006b24   0x00000060   Code   RO         3865    i.xTaskCreate       tasks.o
    0x08006b84   0x08006b84   0x00000020   Code   RO         3869    i.xTaskGetSchedulerState  tasks.o
    0x08006ba4   0x08006ba4   0x0000000c   Code   RO         3870    i.xTaskGetTickCount  tasks.o
    0x08006bb0   0x08006bb0   0x00000160   Code   RO         3872    i.xTaskIncrementTick  tasks.o
    0x08006d10   0x08006d10   0x000000d8   Code   RO         3875    i.xTaskPriorityDisinherit  tasks.o
    0x08006de8   0x08006de8   0x000000b4   Code   RO         3876    i.xTaskRemoveFromEventList  tasks.o
    0x08006e9c   0x08006e9c   0x00000120   Code   RO         3878    i.xTaskResumeAll    tasks.o
    0x08006fbc   0x08006fbc   0x00000074   Code   RO         4197    i.xTimerCreateTimerTask  timers.o
    0x08007030   0x08007030   0x000000a4   Code   RO         4198    i.xTimerGenericCommand  timers.o
    0x080070d4   0x080070d4   0x0000002c   Code   RO         5251    locale$$code        c_w.l(lc_ctype_c.o)
    0x08007100   0x08007100   0x00000216   Data   RO         4801    .constdata          ec20.o
    0x08007316   0x08007316   0x0000003a   Data   RO         4991    .constdata          user_set.o
    0x08007350   0x08007350   0x00000011   Data   RO         5157    .constdata          c_w.l(__printf_flags_ss_wp.o)
    0x08007361   0x08007361   0x00000003   PAD
    0x08007364   0x08007364   0x00000020   Data   RO         5383    Region$$Table       anon$$obj.o
    0x08007384   0x08007384   0x00000110   Data   RO         5250    locale$$data        c_w.l(lc_ctype_c.o)


    Execution Region RW_IRAM1 (Exec base: 0x20000000, Load base: 0x08007494, Size: 0x00004918, Max: 0x00005000, ABSOLUTE)

    Exec Addr    Load Addr    Size         Type   Attr      Idx    E Section Name        Object

    0x20000000   0x08007494   0x00000014   Data   RW            7    .data               main.o
    0x20000014   0x080074a8   0x00000014   Data   RW          290    .data               system_stm32f10x.o
    0x20000028   0x080074bc   0x00000014   Data   RW         1935    .data               stm32f10x_rcc.o
    0x2000003c   0x080074d0   0x00000018   Data   RW         3313    .data               heap_4.o
    0x20000054   0x080074e8   0x0000000c   Data   RW         3377    .data               port.o
    0x20000060   0x080074f4   0x0000003c   Data   RW         3881    .data               tasks.o
    0x2000009c   0x08007530   0x00000014   Data   RW         4206    .data               timers.o
    0x200000b0   0x08007544   0x0000000c   Data   RW         4337    .data               usart3.o
    0x200000bc   0x08007550   0x0000000c   Data   RW         4408    .data               usart1.o
    0x200000c8   0x0800755c   0x0000000c   Data   RW         4468    .data               usart2.o
    0x200000d4   0x08007568   0x00000004   Data   RW         4521    .data               delay.o
    0x200000d8   0x0800756c   0x00000018   Data   RW         4609    .data               msg.o
    0x200000f0        -       0x00003c00   Zero   RW         3312    .bss                heap_4.o
    0x20003cf0        -       0x00000040   Zero   RW         3628    .bss                queue.o
    0x20003d30        -       0x000002e4   Zero   RW         3880    .bss                tasks.o
    0x20004014        -       0x00000028   Zero   RW         4205    .bss                timers.o
    0x2000403c        -       0x00000065   Zero   RW         4336    .bss                usart3.o
    0x200040a1   0x08007584   0x00000003   PAD
    0x200040a4        -       0x000000d8   Zero   RW         4608    .bss                msg.o
    0x2000417c        -       0x0000005c   Zero   RW         4745    .bss                global.o
    0x200041d8        -       0x000000e0   Zero   RW         4800    .bss                ec20.o
    0x200042b8        -       0x00000060   Zero   RW         5212    .bss                c_w.l(libspace.o)
    0x20004318        -       0x00000200   Zero   RW          332    HEAP                startup_stm32f10x_md.o
    0x20004518        -       0x00000400   Zero   RW          331    STACK               startup_stm32f10x_md.o


==============================================================================

Image component sizes


      Code (inc. data)   RO Data    RW Data    ZI Data      Debug   Object Name

         0          0          0          0          0         32   core_cm3.o
       108         18          0          4          0       1107   delay.o
      4650        956        534          0        224      19216   ec20.o
         0          0          0          0          0      10260   event_groups.o
       264         20          0          0         92       2023   global.o
       776        188          0         24      15360       6160   heap_4.o
       148          0          0          0          0       2910   list.o
       286         92          0         20          0     266429   main.o
       172         22          0          0          0       1969   misc.o
      1100        282          0         24        216      12551   msg.o
       104          8          0          0          0        496   osc_gpio.o
       950        320          0         12          0       9905   port.o
        24          0          0          0          0        509   protect.o
      2416        274          0          0         64      13677   queue.o
        64         26        236          0       1536        784   startup_stm32f10x_md.o
       406        162          0          0          0       1620   stm32_task.o
       542         36          0          0          0       6028   stm32f10x_dma.o
       590         62          0          0          0       7073   stm32f10x_flash.o
       282          0          0          0          0       2437   stm32f10x_gpio.o
        20          0          0          0          0       2365   stm32f10x_it.o
       372         50          0         20          0       5976   stm32f10x_rcc.o
       630         28          0          0          0       7188   stm32f10x_usart.o
       328         28          0         20          0       1977   system_stm32f10x.o
      4256        986          0         60        740      32765   tasks.o
      1310        312          0         20         40       8183   timers.o
      1064         88          0         12          0       6017   usart1.o
      1128         82          0         12          0       5492   usart2.o
       888         72          0         12        101       6633   usart3.o
      3220       1016         58          0          0      12445   user_set.o

    ----------------------------------------------------------------------
     26126       5128        860        240      18376     454227   Object Totals
         0          0         32          0          0          0   (incl. Generated)
        28          0          0          0          3          0   (incl. Padding)

    ----------------------------------------------------------------------

      Code (inc. data)   RO Data    RW Data    ZI Data      Debug   Library Member Name

         8          0          0          0          0         68   __main.o
       392          4         17          0          0         92   __printf_flags_ss_wp.o
        14          0          0          0          0         68   __printf_wp.o
         0          0          0          0          0          0   __rtentry.o
        12          0          0          0          0          0   __rtentry2.o
         6          0          0          0          0          0   __rtentry4.o
        52          8          0          0          0          0   __scatter.o
        26          0          0          0          0          0   __scatter_copy.o
        28          0          0          0          0          0   __scatter_zi.o
        28          0          0          0          0         68   _chval.o
         6          0          0          0          0          0   _printf_c.o
        44          0          0          0          0        108   _printf_char.o
        48          6          0          0          0         96   _printf_char_common.o
        36          4          0          0          0         80   _printf_char_file.o
         6          0          0          0          0          0   _printf_d.o
       120         16          0          0          0         92   _printf_dec.o
       178          0          0          0          0         88   _printf_intcommon.o
         0          0          0          0          0          0   _printf_percent.o
         4          0          0          0          0          0   _printf_percent_end.o
         6          0          0          0          0          0   _printf_s.o
        82          0          0          0          0         80   _printf_str.o
         6          0          0          0          0          0   _printf_u.o
        10          0          0          0          0         68   _sputc.o
       158          0          0          0          0         92   _strtoul.o
        16          0          0          0          0         68   aeabi_memset.o
        26          0          0          0          0         80   atoi.o
        18          0          0          0          0         80   exit.o
         8          0          0          0          0         68   ferror.o
         6          0          0          0          0        152   heapauxi.o
        44         10        272          0          0         76   lc_ctype_c.o
         2          0          0          0          0          0   libinit.o
        20          0          0          0          0          0   libinit2.o
         2          0          0          0          0          0   libshutdown.o
         2          0          0          0          0          0   libshutdown2.o
         8          4          0          0         96         68   libspace.o
        24          4          0          0          0         84   noretval__2printf.o
        40          6          0          0          0         84   noretval__2sprintf.o
        16          4          0          0          0         76   rt_ctype_table.o
         8          4          0          0          0         68   rt_errno_addr_intlibspace.o
         8          4          0          0          0         68   rt_locale_intlibspace.o
        68          0          0          0          0         68   rt_memclr.o
        78          0          0          0          0         80   rt_memclr_w.o
       138          0          0          0          0         68   rt_memcpy_v6.o
       100          0          0          0          0         80   rt_memcpy_w.o
         2          0          0          0          0          0   rtexit.o
        10          0          0          0          0          0   rtexit2.o
        24          0          0          0          0         68   strcat.o
       128          0          0          0          0         68   strcmpv7m.o
        72          0          0          0          0         80   strcpy.o
        62          0          0          0          0         76   strlen.o
        50          0          0          0          0         84   strncasecmp.o
        86          0          0          0          0         76   strncpy.o
       112          0          0          0          0         88   strtol.o
        74          0          0          0          0         80   sys_stackheap_outer.o
        26          0          0          0          0         76   tolower.o
         2          0          0          0          0         68   use_no_semi.o
         2          0          0          0          0         68   use_no_semi_2.o

    ----------------------------------------------------------------------
      2566         74        292          0         96       3100   Library Totals
        14          0          3          0          0          0   (incl. Padding)

    ----------------------------------------------------------------------

      Code (inc. data)   RO Data    RW Data    ZI Data      Debug   Library Name

      2552         74        289          0         96       3100   c_w.l

    ----------------------------------------------------------------------
      2566         74        292          0         96       3100   Library Totals

    ----------------------------------------------------------------------

==============================================================================


      Code (inc. data)   RO Data    RW Data    ZI Data      Debug   

     28692       5202       1152        240      18472     444063   Grand Totals
     28692       5202       1152        240      18472     444063   ELF Image Totals
     28692       5202       1152        240          0          0   ROM Totals

==============================================================================

    Total RO  Size (Code + RO Data)                29844 (  29.14kB)
    Total RW  Size (RW Data + ZI Data)             18712 (  18.27kB)
    Total ROM Size (Code + RO Data + RW Data)      30084 (  29.38kB)

==============================================================================

